Tick: [1] uPC=00 CR=00000000
ACC=          0 IP=00000000 SP=0003ffff
AR=00000000 Z=0 N=0
-----------------------------
Tick: [2] uPC=01 CR=00000000
ACC=          0 IP=00000001 SP=0003ffff
AR=00000000 Z=0 N=0
-----------------------------
Tick: [3] uPC=02 CR=02000033
ACC=          0 IP=00000001 SP=0003ffff
AR=00000000 Z=0 N=0
-----------------------------
Tick: [4] uPC=06 CR=02000033
ACC=         51 IP=00000001 SP=0003ffff
AR=00000000 Z=0 N=0
-----------------------------
Tick: [5] uPC=00 CR=02000033
ACC=         51 IP=00000001 SP=0003ffff
AR=00000001 Z=0 N=0
-----------------------------
Tick: [6] uPC=01 CR=02000033
ACC=         51 IP=00000002 SP=0003ffff
AR=00000001 Z=0 N=0
-----------------------------
Tick: [7] uPC=02 CR=03000032
ACC=         51 IP=00000002 SP=0003ffff
AR=00000001 Z=0 N=0
-----------------------------
Tick: [8] uPC=07 CR=03000032
ACC=         51 IP=00000002 SP=0003ffff
AR=00000032 Z=0 N=0
-----------------------------
Tick: [9] uPC=08 CR=03000032
ACC=         51 IP=00000002 SP=0003ffff
AR=00000032 Z=0 N=0
-----------------------------
Tick: [10] uPC=00 CR=03000032
ACC=         51 IP=00000002 SP=0003ffff
AR=00000002 Z=0 N=0
-----------------------------
Tick: [11] uPC=01 CR=03000032
ACC=         51 IP=00000003 SP=0003ffff
AR=00000002 Z=0 N=0
-----------------------------
Tick: [12] uPC=02 CR=30000003
ACC=         51 IP=00000003 SP=0003ffff
AR=00000002 Z=0 N=0
-----------------------------
Tick: [13] uPC=27 CR=30000003
ACC=         51 IP=00000003 SP=0003ffff
AR=00000002 Z=0 N=0
-----------------------------
Tick: [14] uPC=00 CR=30000003
ACC=         51 IP=00000003 SP=0003ffff
AR=00000003 Z=0 N=0
-----------------------------
Tick: [15] uPC=01 CR=30000003
ACC=         51 IP=00000004 SP=0003ffff
AR=00000003 Z=0 N=0
-----------------------------
Tick: [16] uPC=02 CR=01000039
ACC=         51 IP=00000004 SP=0003ffff
AR=00000003 Z=0 N=0
-----------------------------
Tick: [17] uPC=03 CR=01000039
ACC=         51 IP=00000004 SP=0003ffff
AR=00000039 Z=0 N=0
-----------------------------
Tick: [18] uPC=04 CR=01000039
ACC=         51 IP=00000004 SP=0003ffff
AR=00000039 Z=0 N=0
-----------------------------
Tick: [19] uPC=05 CR=01000039
ACC=          1 IP=00000004 SP=0003ffff
AR=00000039 Z=0 N=0
-----------------------------
Tick: [20] uPC=00 CR=01000039
ACC=          1 IP=00000004 SP=0003ffff
AR=00000004 Z=0 N=0
-----------------------------
Tick: [21] uPC=01 CR=01000039
ACC=          1 IP=00000005 SP=0003ffff
AR=00000004 Z=0 N=0
-----------------------------
Tick: [22] uPC=02 CR=40000000
ACC=          1 IP=00000005 SP=0003ffff
AR=00000004 Z=0 N=0
-----------------------------
Tick: [23] uPC=42 CR=40000000
ACC=          1 IP=00000005 SP=0003ffff
AR=0003ffff Z=0 N=0
-----------------------------
Tick: [24] uPC=43 CR=40000000
ACC=          1 IP=00000005 SP=0003fffe
AR=0003ffff Z=0 N=0
-----------------------------
Tick: [25] uPC=00 CR=40000000
ACC=          1 IP=00000005 SP=0003fffe
AR=00000005 Z=0 N=0
-----------------------------
Tick: [26] uPC=01 CR=40000000
ACC=          1 IP=00000006 SP=0003fffe
AR=00000005 Z=0 N=0
-----------------------------
Tick: [27] uPC=02 CR=0100003a
ACC=          1 IP=00000006 SP=0003fffe
AR=00000005 Z=0 N=0
-----------------------------
Tick: [28] uPC=03 CR=0100003a
ACC=          1 IP=00000006 SP=0003fffe
AR=0000003a Z=0 N=0
-----------------------------
Tick: [29] uPC=04 CR=0100003a
ACC=          1 IP=00000006 SP=0003fffe
AR=0000003a Z=0 N=0
-----------------------------
Tick: [30] uPC=05 CR=0100003a
ACC=          2 IP=00000006 SP=0003fffe
AR=0000003a Z=0 N=0
-----------------------------
Tick: [31] uPC=00 CR=0100003a
ACC=          2 IP=00000006 SP=0003fffe
AR=00000006 Z=0 N=0
-----------------------------
Tick: [32] uPC=01 CR=0100003a
ACC=          2 IP=00000007 SP=0003fffe
AR=00000006 Z=0 N=0
-----------------------------
Tick: [33] uPC=02 CR=40000000
ACC=          2 IP=00000007 SP=0003fffe
AR=00000006 Z=0 N=0
-----------------------------
Tick: [34] uPC=42 CR=40000000
ACC=          2 IP=00000007 SP=0003fffe
AR=0003fffe Z=0 N=0
-----------------------------
Tick: [35] uPC=43 CR=40000000
ACC=          2 IP=00000007 SP=0003fffd
AR=0003fffe Z=0 N=0
-----------------------------
Tick: [36] uPC=00 CR=40000000
ACC=          2 IP=00000007 SP=0003fffd
AR=00000007 Z=0 N=0
-----------------------------
Tick: [37] uPC=01 CR=40000000
ACC=          2 IP=00000008 SP=0003fffd
AR=00000007 Z=0 N=0
-----------------------------
Tick: [38] uPC=02 CR=02000003
ACC=          2 IP=00000008 SP=0003fffd
AR=00000007 Z=0 N=0
-----------------------------
Tick: [39] uPC=06 CR=02000003
ACC=          3 IP=00000008 SP=0003fffd
AR=00000007 Z=0 N=0
-----------------------------
Tick: [40] uPC=00 CR=02000003
ACC=          3 IP=00000008 SP=0003fffd
AR=00000008 Z=0 N=0
-----------------------------
Tick: [41] uPC=01 CR=02000003
ACC=          3 IP=00000009 SP=0003fffd
AR=00000008 Z=0 N=0
-----------------------------
Tick: [42] uPC=02 CR=0300003b
ACC=          3 IP=00000009 SP=0003fffd
AR=00000008 Z=0 N=0
-----------------------------
Tick: [43] uPC=07 CR=0300003b
ACC=          3 IP=00000009 SP=0003fffd
AR=0000003b Z=0 N=0
-----------------------------
Tick: [44] uPC=08 CR=0300003b
ACC=          3 IP=00000009 SP=0003fffd
AR=0000003b Z=0 N=0
-----------------------------
Tick: [45] uPC=00 CR=0300003b
ACC=          3 IP=00000009 SP=0003fffd
AR=00000009 Z=0 N=0
-----------------------------
Tick: [46] uPC=01 CR=0300003b
ACC=          3 IP=0000000a SP=0003fffd
AR=00000009 Z=0 N=0
-----------------------------
Tick: [47] uPC=02 CR=41000000
ACC=          3 IP=0000000a SP=0003fffd
AR=00000009 Z=0 N=0
-----------------------------
Tick: [48] uPC=44 CR=41000000
ACC=          3 IP=0000000a SP=0003fffe
AR=00000009 Z=0 N=0
-----------------------------
Tick: [49] uPC=45 CR=41000000
ACC=          3 IP=0000000a SP=0003fffe
AR=0003fffe Z=0 N=0
-----------------------------
Tick: [50] uPC=46 CR=41000000
ACC=          3 IP=0000000a SP=0003fffe
AR=0003fffe Z=0 N=0
-----------------------------
Tick: [51] uPC=47 CR=41000000
ACC=          2 IP=0000000a SP=0003fffe
AR=0003fffe Z=0 N=0
-----------------------------
Tick: [52] uPC=00 CR=41000000
ACC=          2 IP=0000000a SP=0003fffe
AR=0000000a Z=0 N=0
-----------------------------
Tick: [53] uPC=01 CR=41000000
ACC=          2 IP=0000000b SP=0003fffe
AR=0000000a Z=0 N=0
-----------------------------
Tick: [54] uPC=02 CR=1200003b
ACC=          2 IP=0000000b SP=0003fffe
AR=0000000a Z=0 N=0
-----------------------------
Tick: [55] uPC=15 CR=1200003b
ACC=          2 IP=0000000b SP=0003fffe
AR=0000003b Z=0 N=0
-----------------------------
Tick: [56] uPC=16 CR=1200003b
ACC=          2 IP=0000000b SP=0003fffe
AR=0000003b Z=0 N=0
-----------------------------
Tick: [57] uPC=17 CR=1200003b
ACC=          6 IP=0000000b SP=0003fffe
AR=0000003b Z=0 N=0
-----------------------------
Tick: [58] uPC=00 CR=1200003b
ACC=          6 IP=0000000b SP=0003fffe
AR=0000000b Z=0 N=0
-----------------------------
Tick: [59] uPC=01 CR=1200003b
ACC=          6 IP=0000000c SP=0003fffe
AR=0000000b Z=0 N=0
-----------------------------
Tick: [60] uPC=02 CR=0300003b
ACC=          6 IP=0000000c SP=0003fffe
AR=0000000b Z=0 N=0
-----------------------------
Tick: [61] uPC=07 CR=0300003b
ACC=          6 IP=0000000c SP=0003fffe
AR=0000003b Z=0 N=0
-----------------------------
Tick: [62] uPC=08 CR=0300003b
ACC=          6 IP=0000000c SP=0003fffe
AR=0000003b Z=0 N=0
-----------------------------
Tick: [63] uPC=00 CR=0300003b
ACC=          6 IP=0000000c SP=0003fffe
AR=0000000c Z=0 N=0
-----------------------------
Tick: [64] uPC=01 CR=0300003b
ACC=          6 IP=0000000d SP=0003fffe
AR=0000000c Z=0 N=0
-----------------------------
Tick: [65] uPC=02 CR=41000000
ACC=          6 IP=0000000d SP=0003fffe
AR=0000000c Z=0 N=0
-----------------------------
Tick: [66] uPC=44 CR=41000000
ACC=          6 IP=0000000d SP=0003ffff
AR=0000000c Z=0 N=0
-----------------------------
Tick: [67] uPC=45 CR=41000000
ACC=          6 IP=0000000d SP=0003ffff
AR=0003ffff Z=0 N=0
-----------------------------
Tick: [68] uPC=46 CR=41000000
ACC=          6 IP=0000000d SP=0003ffff
AR=0003ffff Z=0 N=0
-----------------------------
Tick: [69] uPC=47 CR=41000000
ACC=          1 IP=0000000d SP=0003ffff
AR=0003ffff Z=0 N=0
-----------------------------
Tick: [70] uPC=00 CR=41000000
ACC=          1 IP=0000000d SP=0003ffff
AR=0000000d Z=0 N=0
-----------------------------
Tick: [71] uPC=01 CR=41000000
ACC=          1 IP=0000000e SP=0003ffff
AR=0000000d Z=0 N=0
-----------------------------
Tick: [72] uPC=02 CR=1000003b
ACC=          1 IP=0000000e SP=0003ffff
AR=0000000d Z=0 N=0
-----------------------------
Tick: [73] uPC=09 CR=1000003b
ACC=          1 IP=0000000e SP=0003ffff
AR=0000003b Z=0 N=0
-----------------------------
Tick: [74] uPC=10 CR=1000003b
ACC=          1 IP=0000000e SP=0003ffff
AR=0000003b Z=0 N=0
-----------------------------
Tick: [75] uPC=11 CR=1000003b
ACC=          7 IP=0000000e SP=0003ffff
AR=0000003b Z=0 N=0
-----------------------------
Tick: [76] uPC=00 CR=1000003b
ACC=          7 IP=0000000e SP=0003ffff
AR=0000000e Z=0 N=0
-----------------------------
Tick: [77] uPC=01 CR=1000003b
ACC=          7 IP=0000000f SP=0003ffff
AR=0000000e Z=0 N=0
-----------------------------
Tick: [78] uPC=02 CR=0300003a
ACC=          7 IP=0000000f SP=0003ffff
AR=0000000e Z=0 N=0
-----------------------------
Tick: [79] uPC=07 CR=0300003a
ACC=          7 IP=0000000f SP=0003ffff
AR=0000003a Z=0 N=0
-----------------------------
Tick: [80] uPC=08 CR=0300003a
ACC=          7 IP=0000000f SP=0003ffff
AR=0000003a Z=0 N=0
-----------------------------
Tick: [81] uPC=00 CR=0300003a
ACC=          7 IP=0000000f SP=0003ffff
AR=0000000f Z=0 N=0
-----------------------------
Tick: [82] uPC=01 CR=0300003a
ACC=          7 IP=00000010 SP=0003ffff
AR=0000000f Z=0 N=0
-----------------------------
Tick: [83] uPC=02 CR=01000039
ACC=          7 IP=00000010 SP=0003ffff
AR=0000000f Z=0 N=0
-----------------------------
Tick: [84] uPC=03 CR=01000039
ACC=          7 IP=00000010 SP=0003ffff
AR=00000039 Z=0 N=0
-----------------------------
Tick: [85] uPC=04 CR=01000039
ACC=          7 IP=00000010 SP=0003ffff
AR=00000039 Z=0 N=0
-----------------------------
Tick: [86] uPC=05 CR=01000039
ACC=          1 IP=00000010 SP=0003ffff
AR=00000039 Z=0 N=0
-----------------------------
Tick: [87] uPC=00 CR=01000039
ACC=          1 IP=00000010 SP=0003ffff
AR=00000010 Z=0 N=0
-----------------------------
Tick: [88] uPC=01 CR=01000039
ACC=          1 IP=00000011 SP=0003ffff
AR=00000010 Z=0 N=0
-----------------------------
Tick: [89] uPC=02 CR=40000000
ACC=          1 IP=00000011 SP=0003ffff
AR=00000010 Z=0 N=0
-----------------------------
Tick: [90] uPC=42 CR=40000000
ACC=          1 IP=00000011 SP=0003ffff
AR=0003ffff Z=0 N=0
-----------------------------
Tick: [91] uPC=43 CR=40000000
ACC=          1 IP=00000011 SP=0003fffe
AR=0003ffff Z=0 N=0
-----------------------------
Tick: [92] uPC=00 CR=40000000
ACC=          1 IP=00000011 SP=0003fffe
AR=00000011 Z=0 N=0
-----------------------------
Tick: [93] uPC=01 CR=40000000
ACC=          1 IP=00000012 SP=0003fffe
AR=00000011 Z=0 N=0
-----------------------------
Tick: [94] uPC=02 CR=0100003a
ACC=          1 IP=00000012 SP=0003fffe
AR=00000011 Z=0 N=0
-----------------------------
Tick: [95] uPC=03 CR=0100003a
ACC=          1 IP=00000012 SP=0003fffe
AR=0000003a Z=0 N=0
-----------------------------
Tick: [96] uPC=04 CR=0100003a
ACC=          1 IP=00000012 SP=0003fffe
AR=0000003a Z=0 N=0
-----------------------------
Tick: [97] uPC=05 CR=0100003a
ACC=          7 IP=00000012 SP=0003fffe
AR=0000003a Z=0 N=0
-----------------------------
Tick: [98] uPC=00 CR=0100003a
ACC=          7 IP=00000012 SP=0003fffe
AR=00000012 Z=0 N=0
-----------------------------
Tick: [99] uPC=01 CR=0100003a
ACC=          7 IP=00000013 SP=0003fffe
AR=00000012 Z=0 N=0
-----------------------------
Tick: [100] uPC=02 CR=0300003b
ACC=          7 IP=00000013 SP=0003fffe
AR=00000012 Z=0 N=0
-----------------------------
Tick: [101] uPC=07 CR=0300003b
ACC=          7 IP=00000013 SP=0003fffe
AR=0000003b Z=0 N=0
-----------------------------
Tick: [102] uPC=08 CR=0300003b
ACC=          7 IP=00000013 SP=0003fffe
AR=0000003b Z=0 N=0
-----------------------------
Tick: [103] uPC=00 CR=0300003b
ACC=          7 IP=00000013 SP=0003fffe
AR=00000013 Z=0 N=0
-----------------------------
Tick: [104] uPC=01 CR=0300003b
ACC=          7 IP=00000014 SP=0003fffe
AR=00000013 Z=0 N=0
-----------------------------
Tick: [105] uPC=02 CR=41000000
ACC=          7 IP=00000014 SP=0003fffe
AR=00000013 Z=0 N=0
-----------------------------
Tick: [106] uPC=44 CR=41000000
ACC=          7 IP=00000014 SP=0003ffff
AR=00000013 Z=0 N=0
-----------------------------
Tick: [107] uPC=45 CR=41000000
ACC=          7 IP=00000014 SP=0003ffff
AR=0003ffff Z=0 N=0
-----------------------------
Tick: [108] uPC=46 CR=41000000
ACC=          7 IP=00000014 SP=0003ffff
AR=0003ffff Z=0 N=0
-----------------------------
Tick: [109] uPC=47 CR=41000000
ACC=          1 IP=00000014 SP=0003ffff
AR=0003ffff Z=0 N=0
-----------------------------
Tick: [110] uPC=00 CR=41000000
ACC=          1 IP=00000014 SP=0003ffff
AR=00000014 Z=0 N=0
-----------------------------
Tick: [111] uPC=01 CR=41000000
ACC=          1 IP=00000015 SP=0003ffff
AR=00000014 Z=0 N=0
-----------------------------
Tick: [112] uPC=02 CR=1100003b
ACC=          1 IP=00000015 SP=0003ffff
AR=00000014 Z=0 N=0
-----------------------------
Tick: [113] uPC=12 CR=1100003b
ACC=          1 IP=00000015 SP=0003ffff
AR=0000003b Z=0 N=0
-----------------------------
Tick: [114] uPC=13 CR=1100003b
ACC=          1 IP=00000015 SP=0003ffff
AR=0000003b Z=0 N=0
-----------------------------
Tick: [115] uPC=14 CR=1100003b
ACC= 4294967290 IP=00000015 SP=0003ffff
AR=0000003b Z=0 N=1
-----------------------------
Tick: [116] uPC=00 CR=1100003b
ACC= 4294967290 IP=00000015 SP=0003ffff
AR=00000015 Z=0 N=1
-----------------------------
Tick: [117] uPC=01 CR=1100003b
ACC= 4294967290 IP=00000016 SP=0003ffff
AR=00000015 Z=0 N=1
-----------------------------
Tick: [118] uPC=02 CR=0300003a
ACC= 4294967290 IP=00000016 SP=0003ffff
AR=00000015 Z=0 N=1
-----------------------------
Tick: [119] uPC=07 CR=0300003a
ACC= 4294967290 IP=00000016 SP=0003ffff
AR=0000003a Z=0 N=1
-----------------------------
Tick: [120] uPC=08 CR=0300003a
ACC= 4294967290 IP=00000016 SP=0003ffff
AR=0000003a Z=0 N=1
-----------------------------
Tick: [121] uPC=00 CR=0300003a
ACC= 4294967290 IP=00000016 SP=0003ffff
AR=00000016 Z=0 N=1
-----------------------------
Tick: [122] uPC=01 CR=0300003a
ACC= 4294967290 IP=00000017 SP=0003ffff
AR=00000016 Z=0 N=1
-----------------------------
Tick: [123] uPC=02 CR=01000039
ACC= 4294967290 IP=00000017 SP=0003ffff
AR=00000016 Z=0 N=1
-----------------------------
Tick: [124] uPC=03 CR=01000039
ACC= 4294967290 IP=00000017 SP=0003ffff
AR=00000039 Z=0 N=1
-----------------------------
Tick: [125] uPC=04 CR=01000039
ACC= 4294967290 IP=00000017 SP=0003ffff
AR=00000039 Z=0 N=1
-----------------------------
Tick: [126] uPC=05 CR=01000039
ACC=          1 IP=00000017 SP=0003ffff
AR=00000039 Z=0 N=1
-----------------------------
Tick: [127] uPC=00 CR=01000039
ACC=          1 IP=00000017 SP=0003ffff
AR=00000017 Z=0 N=1
-----------------------------
Tick: [128] uPC=01 CR=01000039
ACC=          1 IP=00000018 SP=0003ffff
AR=00000017 Z=0 N=1
-----------------------------
Tick: [129] uPC=02 CR=40000000
ACC=          1 IP=00000018 SP=0003ffff
AR=00000017 Z=0 N=1
-----------------------------
Tick: [130] uPC=42 CR=40000000
ACC=          1 IP=00000018 SP=0003ffff
AR=0003ffff Z=0 N=1
-----------------------------
Tick: [131] uPC=43 CR=40000000
ACC=          1 IP=00000018 SP=0003fffe
AR=0003ffff Z=0 N=1
-----------------------------
Tick: [132] uPC=00 CR=40000000
ACC=          1 IP=00000018 SP=0003fffe
AR=00000018 Z=0 N=1
-----------------------------
Tick: [133] uPC=01 CR=40000000
ACC=          1 IP=00000019 SP=0003fffe
AR=00000018 Z=0 N=1
-----------------------------
Tick: [134] uPC=02 CR=0100003a
ACC=          1 IP=00000019 SP=0003fffe
AR=00000018 Z=0 N=1
-----------------------------
Tick: [135] uPC=03 CR=0100003a
ACC=          1 IP=00000019 SP=0003fffe
AR=0000003a Z=0 N=1
-----------------------------
Tick: [136] uPC=04 CR=0100003a
ACC=          1 IP=00000019 SP=0003fffe
AR=0000003a Z=0 N=1
-----------------------------
Tick: [137] uPC=05 CR=0100003a
ACC= 4294967290 IP=00000019 SP=0003fffe
AR=0000003a Z=0 N=1
-----------------------------
Tick: [138] uPC=00 CR=0100003a
ACC= 4294967290 IP=00000019 SP=0003fffe
AR=00000019 Z=0 N=1
-----------------------------
Tick: [139] uPC=01 CR=0100003a
ACC= 4294967290 IP=0000001a SP=0003fffe
AR=00000019 Z=0 N=1
-----------------------------
Tick: [140] uPC=02 CR=0300003b
ACC= 4294967290 IP=0000001a SP=0003fffe
AR=00000019 Z=0 N=1
-----------------------------
Tick: [141] uPC=07 CR=0300003b
ACC= 4294967290 IP=0000001a SP=0003fffe
AR=0000003b Z=0 N=1
-----------------------------
Tick: [142] uPC=08 CR=0300003b
ACC= 4294967290 IP=0000001a SP=0003fffe
AR=0000003b Z=0 N=1
-----------------------------
Tick: [143] uPC=00 CR=0300003b
ACC= 4294967290 IP=0000001a SP=0003fffe
AR=0000001a Z=0 N=1
-----------------------------
Tick: [144] uPC=01 CR=0300003b
ACC= 4294967290 IP=0000001b SP=0003fffe
AR=0000001a Z=0 N=1
-----------------------------
Tick: [145] uPC=02 CR=41000000
ACC= 4294967290 IP=0000001b SP=0003fffe
AR=0000001a Z=0 N=1
-----------------------------
Tick: [146] uPC=44 CR=41000000
ACC= 4294967290 IP=0000001b SP=0003ffff
AR=0000001a Z=0 N=1
-----------------------------
Tick: [147] uPC=45 CR=41000000
ACC= 4294967290 IP=0000001b SP=0003ffff
AR=0003ffff Z=0 N=1
-----------------------------
Tick: [148] uPC=46 CR=41000000
ACC= 4294967290 IP=0000001b SP=0003ffff
AR=0003ffff Z=0 N=1
-----------------------------
Tick: [149] uPC=47 CR=41000000
ACC=          1 IP=0000001b SP=0003ffff
AR=0003ffff Z=0 N=1
-----------------------------
Tick: [150] uPC=00 CR=41000000
ACC=          1 IP=0000001b SP=0003ffff
AR=0000001b Z=0 N=1
-----------------------------
Tick: [151] uPC=01 CR=41000000
ACC=          1 IP=0000001c SP=0003ffff
AR=0000001b Z=0 N=1
-----------------------------
Tick: [152] uPC=02 CR=1200003b
ACC=          1 IP=0000001c SP=0003ffff
AR=0000001b Z=0 N=1
-----------------------------
Tick: [153] uPC=15 CR=1200003b
ACC=          1 IP=0000001c SP=0003ffff
AR=0000003b Z=0 N=1
-----------------------------
Tick: [154] uPC=16 CR=1200003b
ACC=          1 IP=0000001c SP=0003ffff
AR=0000003b Z=0 N=1
-----------------------------
Tick: [155] uPC=17 CR=1200003b
ACC= 4294967290 IP=0000001c SP=0003ffff
AR=0000003b Z=0 N=1
-----------------------------
Tick: [156] uPC=00 CR=1200003b
ACC= 4294967290 IP=0000001c SP=0003ffff
AR=0000001c Z=0 N=1
-----------------------------
Tick: [157] uPC=01 CR=1200003b
ACC= 4294967290 IP=0000001d SP=0003ffff
AR=0000001c Z=0 N=1
-----------------------------
Tick: [158] uPC=02 CR=0300003a
ACC= 4294967290 IP=0000001d SP=0003ffff
AR=0000001c Z=0 N=1
-----------------------------
Tick: [159] uPC=07 CR=0300003a
ACC= 4294967290 IP=0000001d SP=0003ffff
AR=0000003a Z=0 N=1
-----------------------------
Tick: [160] uPC=08 CR=0300003a
ACC= 4294967290 IP=0000001d SP=0003ffff
AR=0000003a Z=0 N=1
-----------------------------
Tick: [161] uPC=00 CR=0300003a
ACC= 4294967290 IP=0000001d SP=0003ffff
AR=0000001d Z=0 N=1
-----------------------------
Tick: [162] uPC=01 CR=0300003a
ACC= 4294967290 IP=0000001e SP=0003ffff
AR=0000001d Z=0 N=1
-----------------------------
Tick: [163] uPC=02 CR=01000039
ACC= 4294967290 IP=0000001e SP=0003ffff
AR=0000001d Z=0 N=1
-----------------------------
Tick: [164] uPC=03 CR=01000039
ACC= 4294967290 IP=0000001e SP=0003ffff
AR=00000039 Z=0 N=1
-----------------------------
Tick: [165] uPC=04 CR=01000039
ACC= 4294967290 IP=0000001e SP=0003ffff
AR=00000039 Z=0 N=1
-----------------------------
Tick: [166] uPC=05 CR=01000039
ACC=          1 IP=0000001e SP=0003ffff
AR=00000039 Z=0 N=1
-----------------------------
Tick: [167] uPC=00 CR=01000039
ACC=          1 IP=0000001e SP=0003ffff
AR=0000001e Z=0 N=1
-----------------------------
Tick: [168] uPC=01 CR=01000039
ACC=          1 IP=0000001f SP=0003ffff
AR=0000001e Z=0 N=1
-----------------------------
Tick: [169] uPC=02 CR=40000000
ACC=          1 IP=0000001f SP=0003ffff
AR=0000001e Z=0 N=1
-----------------------------
Tick: [170] uPC=42 CR=40000000
ACC=          1 IP=0000001f SP=0003ffff
AR=0003ffff Z=0 N=1
-----------------------------
Tick: [171] uPC=43 CR=40000000
ACC=          1 IP=0000001f SP=0003fffe
AR=0003ffff Z=0 N=1
-----------------------------
Tick: [172] uPC=00 CR=40000000
ACC=          1 IP=0000001f SP=0003fffe
AR=0000001f Z=0 N=1
-----------------------------
Tick: [173] uPC=01 CR=40000000
ACC=          1 IP=00000020 SP=0003fffe
AR=0000001f Z=0 N=1
-----------------------------
Tick: [174] uPC=02 CR=0100003a
ACC=          1 IP=00000020 SP=0003fffe
AR=0000001f Z=0 N=1
-----------------------------
Tick: [175] uPC=03 CR=0100003a
ACC=          1 IP=00000020 SP=0003fffe
AR=0000003a Z=0 N=1
-----------------------------
Tick: [176] uPC=04 CR=0100003a
ACC=          1 IP=00000020 SP=0003fffe
AR=0000003a Z=0 N=1
-----------------------------
Tick: [177] uPC=05 CR=0100003a
ACC= 4294967290 IP=00000020 SP=0003fffe
AR=0000003a Z=0 N=1
-----------------------------
Tick: [178] uPC=00 CR=0100003a
ACC= 4294967290 IP=00000020 SP=0003fffe
AR=00000020 Z=0 N=1
-----------------------------
Tick: [179] uPC=01 CR=0100003a
ACC= 4294967290 IP=00000021 SP=0003fffe
AR=00000020 Z=0 N=1
-----------------------------
Tick: [180] uPC=02 CR=0300003b
ACC= 4294967290 IP=00000021 SP=0003fffe
AR=00000020 Z=0 N=1
-----------------------------
Tick: [181] uPC=07 CR=0300003b
ACC= 4294967290 IP=00000021 SP=0003fffe
AR=0000003b Z=0 N=1
-----------------------------
Tick: [182] uPC=08 CR=0300003b
ACC= 4294967290 IP=00000021 SP=0003fffe
AR=0000003b Z=0 N=1
-----------------------------
Tick: [183] uPC=00 CR=0300003b
ACC= 4294967290 IP=00000021 SP=0003fffe
AR=00000021 Z=0 N=1
-----------------------------
Tick: [184] uPC=01 CR=0300003b
ACC= 4294967290 IP=00000022 SP=0003fffe
AR=00000021 Z=0 N=1
-----------------------------
Tick: [185] uPC=02 CR=41000000
ACC= 4294967290 IP=00000022 SP=0003fffe
AR=00000021 Z=0 N=1
-----------------------------
Tick: [186] uPC=44 CR=41000000
ACC= 4294967290 IP=00000022 SP=0003ffff
AR=00000021 Z=0 N=1
-----------------------------
Tick: [187] uPC=45 CR=41000000
ACC= 4294967290 IP=00000022 SP=0003ffff
AR=0003ffff Z=0 N=1
-----------------------------
Tick: [188] uPC=46 CR=41000000
ACC= 4294967290 IP=00000022 SP=0003ffff
AR=0003ffff Z=0 N=1
-----------------------------
Tick: [189] uPC=47 CR=41000000
ACC=          1 IP=00000022 SP=0003ffff
AR=0003ffff Z=0 N=1
-----------------------------
Tick: [190] uPC=00 CR=41000000
ACC=          1 IP=00000022 SP=0003ffff
AR=00000022 Z=0 N=1
-----------------------------
Tick: [191] uPC=01 CR=41000000
ACC=          1 IP=00000023 SP=0003ffff
AR=00000022 Z=0 N=1
-----------------------------
Tick: [192] uPC=02 CR=1300003b
ACC=          1 IP=00000023 SP=0003ffff
AR=00000022 Z=0 N=1
-----------------------------
Tick: [193] uPC=18 CR=1300003b
ACC=          1 IP=00000023 SP=0003ffff
AR=0000003b Z=0 N=1
-----------------------------
Tick: [194] uPC=19 CR=1300003b
ACC=          1 IP=00000023 SP=0003ffff
AR=0000003b Z=0 N=1
-----------------------------
Tick: [195] uPC=20 CR=1300003b
ACC=          0 IP=00000023 SP=0003ffff
AR=0000003b Z=1 N=0
-----------------------------
Tick: [196] uPC=00 CR=1300003b
ACC=          0 IP=00000023 SP=0003ffff
AR=00000023 Z=1 N=0
-----------------------------
Tick: [197] uPC=01 CR=1300003b
ACC=          0 IP=00000024 SP=0003ffff
AR=00000023 Z=1 N=0
-----------------------------
Tick: [198] uPC=02 CR=0300003a
ACC=          0 IP=00000024 SP=0003ffff
AR=00000023 Z=1 N=0
-----------------------------
Tick: [199] uPC=07 CR=0300003a
ACC=          0 IP=00000024 SP=0003ffff
AR=0000003a Z=1 N=0
-----------------------------
Tick: [200] uPC=08 CR=0300003a
ACC=          0 IP=00000024 SP=0003ffff
AR=0000003a Z=1 N=0
-----------------------------
Tick: [201] uPC=00 CR=0300003a
ACC=          0 IP=00000024 SP=0003ffff
AR=00000024 Z=1 N=0
-----------------------------
Tick: [202] uPC=01 CR=0300003a
ACC=          0 IP=00000025 SP=0003ffff
AR=00000024 Z=1 N=0
-----------------------------
Tick: [203] uPC=02 CR=01000039
ACC=          0 IP=00000025 SP=0003ffff
AR=00000024 Z=1 N=0
-----------------------------
Tick: [204] uPC=03 CR=01000039
ACC=          0 IP=00000025 SP=0003ffff
AR=00000039 Z=1 N=0
-----------------------------
Tick: [205] uPC=04 CR=01000039
ACC=          0 IP=00000025 SP=0003ffff
AR=00000039 Z=1 N=0
-----------------------------
Tick: [206] uPC=05 CR=01000039
ACC=          1 IP=00000025 SP=0003ffff
AR=00000039 Z=1 N=0
-----------------------------
Tick: [207] uPC=00 CR=01000039
ACC=          1 IP=00000025 SP=0003ffff
AR=00000025 Z=1 N=0
-----------------------------
Tick: [208] uPC=01 CR=01000039
ACC=          1 IP=00000026 SP=0003ffff
AR=00000025 Z=1 N=0
-----------------------------
Tick: [209] uPC=02 CR=40000000
ACC=          1 IP=00000026 SP=0003ffff
AR=00000025 Z=1 N=0
-----------------------------
Tick: [210] uPC=42 CR=40000000
ACC=          1 IP=00000026 SP=0003ffff
AR=0003ffff Z=1 N=0
-----------------------------
Tick: [211] uPC=43 CR=40000000
ACC=          1 IP=00000026 SP=0003fffe
AR=0003ffff Z=1 N=0
-----------------------------
Tick: [212] uPC=00 CR=40000000
ACC=          1 IP=00000026 SP=0003fffe
AR=00000026 Z=1 N=0
-----------------------------
Tick: [213] uPC=01 CR=40000000
ACC=          1 IP=00000027 SP=0003fffe
AR=00000026 Z=1 N=0
-----------------------------
Tick: [214] uPC=02 CR=0100003a
ACC=          1 IP=00000027 SP=0003fffe
AR=00000026 Z=1 N=0
-----------------------------
Tick: [215] uPC=03 CR=0100003a
ACC=          1 IP=00000027 SP=0003fffe
AR=0000003a Z=1 N=0
-----------------------------
Tick: [216] uPC=04 CR=0100003a
ACC=          1 IP=00000027 SP=0003fffe
AR=0000003a Z=1 N=0
-----------------------------
Tick: [217] uPC=05 CR=0100003a
ACC=          0 IP=00000027 SP=0003fffe
AR=0000003a Z=1 N=0
-----------------------------
Tick: [218] uPC=00 CR=0100003a
ACC=          0 IP=00000027 SP=0003fffe
AR=00000027 Z=1 N=0
-----------------------------
Tick: [219] uPC=01 CR=0100003a
ACC=          0 IP=00000028 SP=0003fffe
AR=00000027 Z=1 N=0
-----------------------------
Tick: [220] uPC=02 CR=0300003b
ACC=          0 IP=00000028 SP=0003fffe
AR=00000027 Z=1 N=0
-----------------------------
Tick: [221] uPC=07 CR=0300003b
ACC=          0 IP=00000028 SP=0003fffe
AR=0000003b Z=1 N=0
-----------------------------
Tick: [222] uPC=08 CR=0300003b
ACC=          0 IP=00000028 SP=0003fffe
AR=0000003b Z=1 N=0
-----------------------------
Tick: [223] uPC=00 CR=0300003b
ACC=          0 IP=00000028 SP=0003fffe
AR=00000028 Z=1 N=0
-----------------------------
Tick: [224] uPC=01 CR=0300003b
ACC=          0 IP=00000029 SP=0003fffe
AR=00000028 Z=1 N=0
-----------------------------
Tick: [225] uPC=02 CR=41000000
ACC=          0 IP=00000029 SP=0003fffe
AR=00000028 Z=1 N=0
-----------------------------
Tick: [226] uPC=44 CR=41000000
ACC=          0 IP=00000029 SP=0003ffff
AR=00000028 Z=1 N=0
-----------------------------
Tick: [227] uPC=45 CR=41000000
ACC=          0 IP=00000029 SP=0003ffff
AR=0003ffff Z=1 N=0
-----------------------------
Tick: [228] uPC=46 CR=41000000
ACC=          0 IP=00000029 SP=0003ffff
AR=0003ffff Z=1 N=0
-----------------------------
Tick: [229] uPC=47 CR=41000000
ACC=          1 IP=00000029 SP=0003ffff
AR=0003ffff Z=1 N=0
-----------------------------
Tick: [230] uPC=00 CR=41000000
ACC=          1 IP=00000029 SP=0003ffff
AR=00000029 Z=1 N=0
-----------------------------
Tick: [231] uPC=01 CR=41000000
ACC=          1 IP=0000002a SP=0003ffff
AR=00000029 Z=1 N=0
-----------------------------
Tick: [232] uPC=02 CR=2000003b
ACC=          1 IP=0000002a SP=0003ffff
AR=00000029 Z=1 N=0
-----------------------------
Tick: [233] uPC=24 CR=2000003b
ACC=          1 IP=0000002a SP=0003ffff
AR=0000003b Z=1 N=0
-----------------------------
Tick: [234] uPC=25 CR=2000003b
ACC=          1 IP=0000002a SP=0003ffff
AR=0000003b Z=1 N=0
-----------------------------
Tick: [235] uPC=26 CR=2000003b
ACC=          1 IP=0000002a SP=0003ffff
AR=0000003b Z=0 N=0
-----------------------------
Tick: [236] uPC=00 CR=2000003b
ACC=          1 IP=0000002a SP=0003ffff
AR=0000002a Z=0 N=0
-----------------------------
Tick: [237] uPC=01 CR=2000003b
ACC=          1 IP=0000002b SP=0003ffff
AR=0000002a Z=0 N=0
-----------------------------
Tick: [238] uPC=02 CR=3400002d
ACC=          1 IP=0000002b SP=0003ffff
AR=0000002a Z=0 N=0
-----------------------------
Tick: [239] uPC=34 CR=3400002d
ACC=          1 IP=0000002b SP=0003ffff
AR=0000002a Z=0 N=0
-----------------------------
Tick: [240] uPC=35 CR=3400002d
ACC=          1 IP=0000002b SP=0003ffff
AR=0000002a Z=0 N=0
-----------------------------
Tick: [241] uPC=36 CR=3400002d
ACC=          1 IP=0000002b SP=0003ffff
AR=0000002a Z=0 N=0
-----------------------------
Tick: [242] uPC=27 CR=3400002d
ACC=          1 IP=0000002d SP=0003ffff
AR=0000002a Z=0 N=0
-----------------------------
Tick: [243] uPC=00 CR=3400002d
ACC=          1 IP=0000002d SP=0003ffff
AR=0000002d Z=0 N=0
-----------------------------
Tick: [244] uPC=01 CR=3400002d
ACC=          1 IP=0000002e SP=0003ffff
AR=0000002d Z=0 N=0
-----------------------------
Tick: [245] uPC=02 CR=02000001
ACC=          1 IP=0000002e SP=0003ffff
AR=0000002d Z=0 N=0
-----------------------------
Tick: [246] uPC=06 CR=02000001
ACC=          1 IP=0000002e SP=0003ffff
AR=0000002d Z=0 N=0
-----------------------------
Tick: [247] uPC=00 CR=02000001
ACC=          1 IP=0000002e SP=0003ffff
AR=0000002e Z=0 N=0
-----------------------------
Tick: [248] uPC=01 CR=02000001
ACC=          1 IP=0000002f SP=0003ffff
AR=0000002e Z=0 N=0
-----------------------------
Tick: [249] uPC=02 CR=31000031
ACC=          1 IP=0000002f SP=0003ffff
AR=0000002e Z=0 N=0
-----------------------------
Tick: [250] uPC=28 CR=31000031
ACC=          1 IP=0000002f SP=0003ffff
AR=0000002e Z=0 N=0
-----------------------------
Tick: [251] uPC=29 CR=31000031
ACC=          1 IP=0000002f SP=0003ffff
AR=0000002e Z=0 N=0
-----------------------------
Tick: [252] uPC=00 CR=31000031
ACC=          1 IP=0000002f SP=0003ffff
AR=0000002f Z=0 N=0
-----------------------------
Tick: [253] uPC=01 CR=31000031
ACC=          1 IP=00000030 SP=0003ffff
AR=0000002f Z=0 N=0
-----------------------------
Tick: [254] uPC=02 CR=01000032
ACC=          1 IP=00000030 SP=0003ffff
AR=0000002f Z=0 N=0
-----------------------------
Tick: [255] uPC=03 CR=01000032
ACC=          1 IP=00000030 SP=0003ffff
AR=00000032 Z=0 N=0
-----------------------------
Tick: [256] uPC=04 CR=01000032
ACC=          1 IP=00000030 SP=0003ffff
AR=00000032 Z=0 N=0
-----------------------------
Tick: [257] uPC=05 CR=01000032
ACC=         51 IP=00000030 SP=0003ffff
AR=00000032 Z=0 N=0
-----------------------------
Tick: [258] uPC=00 CR=01000032
ACC=         51 IP=00000030 SP=0003ffff
AR=00000030 Z=0 N=0
-----------------------------
Tick: [259] uPC=01 CR=01000032
ACC=         51 IP=00000031 SP=0003ffff
AR=00000030 Z=0 N=0
-----------------------------
Tick: [260] uPC=02 CR=03000084
ACC=         51 IP=00000031 SP=0003ffff
AR=00000030 Z=0 N=0
-----------------------------
Tick: [261] uPC=07 CR=03000084
ACC=         51 IP=00000031 SP=0003ffff
AR=00000084 Z=0 N=0
-----------------------------
Tick: [262] uPC=08 CR=03000084
ACC=         51 IP=00000031 SP=0003ffff
AR=00000084 Z=0 N=0
-----------------------------
Tick: [263] uPC=00 CR=03000084
ACC=         51 IP=00000031 SP=0003ffff
AR=00000031 Z=0 N=0
-----------------------------
Tick: [264] uPC=01 CR=03000084
ACC=         51 IP=00000032 SP=0003ffff
AR=00000031 Z=0 N=0
-----------------------------
Tick: [265] uPC=02 CR=ff000000
ACC=         51 IP=00000032 SP=0003ffff
AR=00000031 Z=0 N=0
-----------------------------
Tick: [266] uPC=58 CR=ff000000
ACC=         51 IP=00000032 SP=0003ffff
AR=00000031 Z=0 N=0
-----------------------------
