Tick: [1] uPC=00 CR=00000000
ACC=          0 IP=00000000 SP=0003ffff
AR=00000000 Z=0 N=0
-----------------------------
Tick: [2] uPC=01 CR=00000000
ACC=          0 IP=00000001 SP=0003ffff
AR=00000000 Z=0 N=0
-----------------------------
Tick: [3] uPC=02 CR=01000032
ACC=          0 IP=00000001 SP=0003ffff
AR=00000000 Z=0 N=0
-----------------------------
Tick: [4] uPC=03 CR=01000032
ACC=          0 IP=00000001 SP=0003ffff
AR=00000032 Z=0 N=0
-----------------------------
Tick: [5] uPC=04 CR=01000032
ACC=          0 IP=00000001 SP=0003ffff
AR=00000032 Z=0 N=0
-----------------------------
Tick: [6] uPC=05 CR=01000032
ACC=          8 IP=00000001 SP=0003ffff
AR=00000032 Z=0 N=0
-----------------------------
Tick: [7] uPC=00 CR=01000032
ACC=          8 IP=00000001 SP=0003ffff
AR=00000001 Z=0 N=0
-----------------------------
Tick: [8] uPC=01 CR=01000032
ACC=          8 IP=00000002 SP=0003ffff
AR=00000001 Z=0 N=0
-----------------------------
Tick: [9] uPC=02 CR=50000005
ACC=          8 IP=00000002 SP=0003ffff
AR=00000001 Z=0 N=0
-----------------------------
Tick: [10] uPC=48 CR=50000005
ACC=          8 IP=00000002 SP=0003ffff
AR=0003ffff Z=0 N=0
-----------------------------
Tick: [11] uPC=49 CR=50000005
ACC=          8 IP=00000002 SP=0003fffe
AR=0003ffff Z=0 N=0
-----------------------------
Tick: [12] uPC=50 CR=50000005
ACC=          8 IP=00000005 SP=0003fffe
AR=0003ffff Z=0 N=0
-----------------------------
Tick: [13] uPC=00 CR=50000005
ACC=          8 IP=00000005 SP=0003fffe
AR=00000005 Z=0 N=0
-----------------------------
Tick: [14] uPC=01 CR=50000005
ACC=          8 IP=00000006 SP=0003fffe
AR=00000005 Z=0 N=0
-----------------------------
Tick: [15] uPC=02 CR=20000030
ACC=          8 IP=00000006 SP=0003fffe
AR=00000005 Z=0 N=0
-----------------------------
Tick: [16] uPC=24 CR=20000030
ACC=          8 IP=00000006 SP=0003fffe
AR=00000030 Z=0 N=0
-----------------------------
Tick: [17] uPC=25 CR=20000030
ACC=          8 IP=00000006 SP=0003fffe
AR=00000030 Z=0 N=0
-----------------------------
Tick: [18] uPC=26 CR=20000030
ACC=          8 IP=00000006 SP=0003fffe
AR=00000030 Z=0 N=0
-----------------------------
Tick: [19] uPC=00 CR=20000030
ACC=          8 IP=00000006 SP=0003fffe
AR=00000006 Z=0 N=0
-----------------------------
Tick: [20] uPC=01 CR=20000030
ACC=          8 IP=00000007 SP=0003fffe
AR=00000006 Z=0 N=0
-----------------------------
Tick: [21] uPC=02 CR=3100000f
ACC=          8 IP=00000007 SP=0003fffe
AR=00000006 Z=0 N=0
-----------------------------
Tick: [22] uPC=28 CR=3100000f
ACC=          8 IP=00000007 SP=0003fffe
AR=00000006 Z=0 N=0
-----------------------------
Tick: [23] uPC=29 CR=3100000f
ACC=          8 IP=00000007 SP=0003fffe
AR=00000006 Z=0 N=0
-----------------------------
Tick: [24] uPC=00 CR=3100000f
ACC=          8 IP=00000007 SP=0003fffe
AR=00000007 Z=0 N=0
-----------------------------
Tick: [25] uPC=01 CR=3100000f
ACC=          8 IP=00000008 SP=0003fffe
AR=00000007 Z=0 N=0
-----------------------------
Tick: [26] uPC=02 CR=3600000f
ACC=          8 IP=00000008 SP=0003fffe
AR=00000007 Z=0 N=0
-----------------------------
Tick: [27] uPC=40 CR=3600000f
ACC=          8 IP=00000008 SP=0003fffe
AR=00000007 Z=0 N=0
-----------------------------
Tick: [28] uPC=41 CR=3600000f
ACC=          8 IP=00000008 SP=0003fffe
AR=00000007 Z=0 N=0
-----------------------------
Tick: [29] uPC=00 CR=3600000f
ACC=          8 IP=00000008 SP=0003fffe
AR=00000008 Z=0 N=0
-----------------------------
Tick: [30] uPC=01 CR=3600000f
ACC=          8 IP=00000009 SP=0003fffe
AR=00000008 Z=0 N=0
-----------------------------
Tick: [31] uPC=02 CR=40000000
ACC=          8 IP=00000009 SP=0003fffe
AR=00000008 Z=0 N=0
-----------------------------
Tick: [32] uPC=42 CR=40000000
ACC=          8 IP=00000009 SP=0003fffe
AR=0003fffe Z=0 N=0
-----------------------------
Tick: [33] uPC=43 CR=40000000
ACC=          8 IP=00000009 SP=0003fffd
AR=0003fffe Z=0 N=0
-----------------------------
Tick: [34] uPC=00 CR=40000000
ACC=          8 IP=00000009 SP=0003fffd
AR=00000009 Z=0 N=0
-----------------------------
Tick: [35] uPC=01 CR=40000000
ACC=          8 IP=0000000a SP=0003fffd
AR=00000009 Z=0 N=0
-----------------------------
Tick: [36] uPC=02 CR=11000030
ACC=          8 IP=0000000a SP=0003fffd
AR=00000009 Z=0 N=0
-----------------------------
Tick: [37] uPC=12 CR=11000030
ACC=          8 IP=0000000a SP=0003fffd
AR=00000030 Z=0 N=0
-----------------------------
Tick: [38] uPC=13 CR=11000030
ACC=          8 IP=0000000a SP=0003fffd
AR=00000030 Z=0 N=0
-----------------------------
Tick: [39] uPC=14 CR=11000030
ACC=          7 IP=0000000a SP=0003fffd
AR=00000030 Z=0 N=0
-----------------------------
Tick: [40] uPC=00 CR=11000030
ACC=          7 IP=0000000a SP=0003fffd
AR=0000000a Z=0 N=0
-----------------------------
Tick: [41] uPC=01 CR=11000030
ACC=          7 IP=0000000b SP=0003fffd
AR=0000000a Z=0 N=0
-----------------------------
Tick: [42] uPC=02 CR=50000005
ACC=          7 IP=0000000b SP=0003fffd
AR=0000000a Z=0 N=0
-----------------------------
Tick: [43] uPC=48 CR=50000005
ACC=          7 IP=0000000b SP=0003fffd
AR=0003fffd Z=0 N=0
-----------------------------
Tick: [44] uPC=49 CR=50000005
ACC=          7 IP=0000000b SP=0003fffc
AR=0003fffd Z=0 N=0
-----------------------------
Tick: [45] uPC=50 CR=50000005
ACC=          7 IP=00000005 SP=0003fffc
AR=0003fffd Z=0 N=0
-----------------------------
Tick: [46] uPC=00 CR=50000005
ACC=          7 IP=00000005 SP=0003fffc
AR=00000005 Z=0 N=0
-----------------------------
Tick: [47] uPC=01 CR=50000005
ACC=          7 IP=00000006 SP=0003fffc
AR=00000005 Z=0 N=0
-----------------------------
Tick: [48] uPC=02 CR=20000030
ACC=          7 IP=00000006 SP=0003fffc
AR=00000005 Z=0 N=0
-----------------------------
Tick: [49] uPC=24 CR=20000030
ACC=          7 IP=00000006 SP=0003fffc
AR=00000030 Z=0 N=0
-----------------------------
Tick: [50] uPC=25 CR=20000030
ACC=          7 IP=00000006 SP=0003fffc
AR=00000030 Z=0 N=0
-----------------------------
Tick: [51] uPC=26 CR=20000030
ACC=          7 IP=00000006 SP=0003fffc
AR=00000030 Z=0 N=0
-----------------------------
Tick: [52] uPC=00 CR=20000030
ACC=          7 IP=00000006 SP=0003fffc
AR=00000006 Z=0 N=0
-----------------------------
Tick: [53] uPC=01 CR=20000030
ACC=          7 IP=00000007 SP=0003fffc
AR=00000006 Z=0 N=0
-----------------------------
Tick: [54] uPC=02 CR=3100000f
ACC=          7 IP=00000007 SP=0003fffc
AR=00000006 Z=0 N=0
-----------------------------
Tick: [55] uPC=28 CR=3100000f
ACC=          7 IP=00000007 SP=0003fffc
AR=00000006 Z=0 N=0
-----------------------------
Tick: [56] uPC=29 CR=3100000f
ACC=          7 IP=00000007 SP=0003fffc
AR=00000006 Z=0 N=0
-----------------------------
Tick: [57] uPC=00 CR=3100000f
ACC=          7 IP=00000007 SP=0003fffc
AR=00000007 Z=0 N=0
-----------------------------
Tick: [58] uPC=01 CR=3100000f
ACC=          7 IP=00000008 SP=0003fffc
AR=00000007 Z=0 N=0
-----------------------------
Tick: [59] uPC=02 CR=3600000f
ACC=          7 IP=00000008 SP=0003fffc
AR=00000007 Z=0 N=0
-----------------------------
Tick: [60] uPC=40 CR=3600000f
ACC=          7 IP=00000008 SP=0003fffc
AR=00000007 Z=0 N=0
-----------------------------
Tick: [61] uPC=41 CR=3600000f
ACC=          7 IP=00000008 SP=0003fffc
AR=00000007 Z=0 N=0
-----------------------------
Tick: [62] uPC=00 CR=3600000f
ACC=          7 IP=00000008 SP=0003fffc
AR=00000008 Z=0 N=0
-----------------------------
Tick: [63] uPC=01 CR=3600000f
ACC=          7 IP=00000009 SP=0003fffc
AR=00000008 Z=0 N=0
-----------------------------
Tick: [64] uPC=02 CR=40000000
ACC=          7 IP=00000009 SP=0003fffc
AR=00000008 Z=0 N=0
-----------------------------
Tick: [65] uPC=42 CR=40000000
ACC=          7 IP=00000009 SP=0003fffc
AR=0003fffc Z=0 N=0
-----------------------------
Tick: [66] uPC=43 CR=40000000
ACC=          7 IP=00000009 SP=0003fffb
AR=0003fffc Z=0 N=0
-----------------------------
Tick: [67] uPC=00 CR=40000000
ACC=          7 IP=00000009 SP=0003fffb
AR=00000009 Z=0 N=0
-----------------------------
Tick: [68] uPC=01 CR=40000000
ACC=          7 IP=0000000a SP=0003fffb
AR=00000009 Z=0 N=0
-----------------------------
Tick: [69] uPC=02 CR=11000030
ACC=          7 IP=0000000a SP=0003fffb
AR=00000009 Z=0 N=0
-----------------------------
Tick: [70] uPC=12 CR=11000030
ACC=          7 IP=0000000a SP=0003fffb
AR=00000030 Z=0 N=0
-----------------------------
Tick: [71] uPC=13 CR=11000030
ACC=          7 IP=0000000a SP=0003fffb
AR=00000030 Z=0 N=0
-----------------------------
Tick: [72] uPC=14 CR=11000030
ACC=          6 IP=0000000a SP=0003fffb
AR=00000030 Z=0 N=0
-----------------------------
Tick: [73] uPC=00 CR=11000030
ACC=          6 IP=0000000a SP=0003fffb
AR=0000000a Z=0 N=0
-----------------------------
Tick: [74] uPC=01 CR=11000030
ACC=          6 IP=0000000b SP=0003fffb
AR=0000000a Z=0 N=0
-----------------------------
Tick: [75] uPC=02 CR=50000005
ACC=          6 IP=0000000b SP=0003fffb
AR=0000000a Z=0 N=0
-----------------------------
Tick: [76] uPC=48 CR=50000005
ACC=          6 IP=0000000b SP=0003fffb
AR=0003fffb Z=0 N=0
-----------------------------
Tick: [77] uPC=49 CR=50000005
ACC=          6 IP=0000000b SP=0003fffa
AR=0003fffb Z=0 N=0
-----------------------------
Tick: [78] uPC=50 CR=50000005
ACC=          6 IP=00000005 SP=0003fffa
AR=0003fffb Z=0 N=0
-----------------------------
Tick: [79] uPC=00 CR=50000005
ACC=          6 IP=00000005 SP=0003fffa
AR=00000005 Z=0 N=0
-----------------------------
Tick: [80] uPC=01 CR=50000005
ACC=          6 IP=00000006 SP=0003fffa
AR=00000005 Z=0 N=0
-----------------------------
Tick: [81] uPC=02 CR=20000030
ACC=          6 IP=00000006 SP=0003fffa
AR=00000005 Z=0 N=0
-----------------------------
Tick: [82] uPC=24 CR=20000030
ACC=          6 IP=00000006 SP=0003fffa
AR=00000030 Z=0 N=0
-----------------------------
Tick: [83] uPC=25 CR=20000030
ACC=          6 IP=00000006 SP=0003fffa
AR=00000030 Z=0 N=0
-----------------------------
Tick: [84] uPC=26 CR=20000030
ACC=          6 IP=00000006 SP=0003fffa
AR=00000030 Z=0 N=0
-----------------------------
Tick: [85] uPC=00 CR=20000030
ACC=          6 IP=00000006 SP=0003fffa
AR=00000006 Z=0 N=0
-----------------------------
Tick: [86] uPC=01 CR=20000030
ACC=          6 IP=00000007 SP=0003fffa
AR=00000006 Z=0 N=0
-----------------------------
Tick: [87] uPC=02 CR=3100000f
ACC=          6 IP=00000007 SP=0003fffa
AR=00000006 Z=0 N=0
-----------------------------
Tick: [88] uPC=28 CR=3100000f
ACC=          6 IP=00000007 SP=0003fffa
AR=00000006 Z=0 N=0
-----------------------------
Tick: [89] uPC=29 CR=3100000f
ACC=          6 IP=00000007 SP=0003fffa
AR=00000006 Z=0 N=0
-----------------------------
Tick: [90] uPC=00 CR=3100000f
ACC=          6 IP=00000007 SP=0003fffa
AR=00000007 Z=0 N=0
-----------------------------
Tick: [91] uPC=01 CR=3100000f
ACC=          6 IP=00000008 SP=0003fffa
AR=00000007 Z=0 N=0
-----------------------------
Tick: [92] uPC=02 CR=3600000f
ACC=          6 IP=00000008 SP=0003fffa
AR=00000007 Z=0 N=0
-----------------------------
Tick: [93] uPC=40 CR=3600000f
ACC=          6 IP=00000008 SP=0003fffa
AR=00000007 Z=0 N=0
-----------------------------
Tick: [94] uPC=41 CR=3600000f
ACC=          6 IP=00000008 SP=0003fffa
AR=00000007 Z=0 N=0
-----------------------------
Tick: [95] uPC=00 CR=3600000f
ACC=          6 IP=00000008 SP=0003fffa
AR=00000008 Z=0 N=0
-----------------------------
Tick: [96] uPC=01 CR=3600000f
ACC=          6 IP=00000009 SP=0003fffa
AR=00000008 Z=0 N=0
-----------------------------
Tick: [97] uPC=02 CR=40000000
ACC=          6 IP=00000009 SP=0003fffa
AR=00000008 Z=0 N=0
-----------------------------
Tick: [98] uPC=42 CR=40000000
ACC=          6 IP=00000009 SP=0003fffa
AR=0003fffa Z=0 N=0
-----------------------------
Tick: [99] uPC=43 CR=40000000
ACC=          6 IP=00000009 SP=0003fff9
AR=0003fffa Z=0 N=0
-----------------------------
Tick: [100] uPC=00 CR=40000000
ACC=          6 IP=00000009 SP=0003fff9
AR=00000009 Z=0 N=0
-----------------------------
Tick: [101] uPC=01 CR=40000000
ACC=          6 IP=0000000a SP=0003fff9
AR=00000009 Z=0 N=0
-----------------------------
Tick: [102] uPC=02 CR=11000030
ACC=          6 IP=0000000a SP=0003fff9
AR=00000009 Z=0 N=0
-----------------------------
Tick: [103] uPC=12 CR=11000030
ACC=          6 IP=0000000a SP=0003fff9
AR=00000030 Z=0 N=0
-----------------------------
Tick: [104] uPC=13 CR=11000030
ACC=          6 IP=0000000a SP=0003fff9
AR=00000030 Z=0 N=0
-----------------------------
Tick: [105] uPC=14 CR=11000030
ACC=          5 IP=0000000a SP=0003fff9
AR=00000030 Z=0 N=0
-----------------------------
Tick: [106] uPC=00 CR=11000030
ACC=          5 IP=0000000a SP=0003fff9
AR=0000000a Z=0 N=0
-----------------------------
Tick: [107] uPC=01 CR=11000030
ACC=          5 IP=0000000b SP=0003fff9
AR=0000000a Z=0 N=0
-----------------------------
Tick: [108] uPC=02 CR=50000005
ACC=          5 IP=0000000b SP=0003fff9
AR=0000000a Z=0 N=0
-----------------------------
Tick: [109] uPC=48 CR=50000005
ACC=          5 IP=0000000b SP=0003fff9
AR=0003fff9 Z=0 N=0
-----------------------------
Tick: [110] uPC=49 CR=50000005
ACC=          5 IP=0000000b SP=0003fff8
AR=0003fff9 Z=0 N=0
-----------------------------
Tick: [111] uPC=50 CR=50000005
ACC=          5 IP=00000005 SP=0003fff8
AR=0003fff9 Z=0 N=0
-----------------------------
Tick: [112] uPC=00 CR=50000005
ACC=          5 IP=00000005 SP=0003fff8
AR=00000005 Z=0 N=0
-----------------------------
Tick: [113] uPC=01 CR=50000005
ACC=          5 IP=00000006 SP=0003fff8
AR=00000005 Z=0 N=0
-----------------------------
Tick: [114] uPC=02 CR=20000030
ACC=          5 IP=00000006 SP=0003fff8
AR=00000005 Z=0 N=0
-----------------------------
Tick: [115] uPC=24 CR=20000030
ACC=          5 IP=00000006 SP=0003fff8
AR=00000030 Z=0 N=0
-----------------------------
Tick: [116] uPC=25 CR=20000030
ACC=          5 IP=00000006 SP=0003fff8
AR=00000030 Z=0 N=0
-----------------------------
Tick: [117] uPC=26 CR=20000030
ACC=          5 IP=00000006 SP=0003fff8
AR=00000030 Z=0 N=0
-----------------------------
Tick: [118] uPC=00 CR=20000030
ACC=          5 IP=00000006 SP=0003fff8
AR=00000006 Z=0 N=0
-----------------------------
Tick: [119] uPC=01 CR=20000030
ACC=          5 IP=00000007 SP=0003fff8
AR=00000006 Z=0 N=0
-----------------------------
Tick: [120] uPC=02 CR=3100000f
ACC=          5 IP=00000007 SP=0003fff8
AR=00000006 Z=0 N=0
-----------------------------
Tick: [121] uPC=28 CR=3100000f
ACC=          5 IP=00000007 SP=0003fff8
AR=00000006 Z=0 N=0
-----------------------------
Tick: [122] uPC=29 CR=3100000f
ACC=          5 IP=00000007 SP=0003fff8
AR=00000006 Z=0 N=0
-----------------------------
Tick: [123] uPC=00 CR=3100000f
ACC=          5 IP=00000007 SP=0003fff8
AR=00000007 Z=0 N=0
-----------------------------
Tick: [124] uPC=01 CR=3100000f
ACC=          5 IP=00000008 SP=0003fff8
AR=00000007 Z=0 N=0
-----------------------------
Tick: [125] uPC=02 CR=3600000f
ACC=          5 IP=00000008 SP=0003fff8
AR=00000007 Z=0 N=0
-----------------------------
Tick: [126] uPC=40 CR=3600000f
ACC=          5 IP=00000008 SP=0003fff8
AR=00000007 Z=0 N=0
-----------------------------
Tick: [127] uPC=41 CR=3600000f
ACC=          5 IP=00000008 SP=0003fff8
AR=00000007 Z=0 N=0
-----------------------------
Tick: [128] uPC=00 CR=3600000f
ACC=          5 IP=00000008 SP=0003fff8
AR=00000008 Z=0 N=0
-----------------------------
Tick: [129] uPC=01 CR=3600000f
ACC=          5 IP=00000009 SP=0003fff8
AR=00000008 Z=0 N=0
-----------------------------
Tick: [130] uPC=02 CR=40000000
ACC=          5 IP=00000009 SP=0003fff8
AR=00000008 Z=0 N=0
-----------------------------
Tick: [131] uPC=42 CR=40000000
ACC=          5 IP=00000009 SP=0003fff8
AR=0003fff8 Z=0 N=0
-----------------------------
Tick: [132] uPC=43 CR=40000000
ACC=          5 IP=00000009 SP=0003fff7
AR=0003fff8 Z=0 N=0
-----------------------------
Tick: [133] uPC=00 CR=40000000
ACC=          5 IP=00000009 SP=0003fff7
AR=00000009 Z=0 N=0
-----------------------------
Tick: [134] uPC=01 CR=40000000
ACC=          5 IP=0000000a SP=0003fff7
AR=00000009 Z=0 N=0
-----------------------------
Tick: [135] uPC=02 CR=11000030
ACC=          5 IP=0000000a SP=0003fff7
AR=00000009 Z=0 N=0
-----------------------------
Tick: [136] uPC=12 CR=11000030
ACC=          5 IP=0000000a SP=0003fff7
AR=00000030 Z=0 N=0
-----------------------------
Tick: [137] uPC=13 CR=11000030
ACC=          5 IP=0000000a SP=0003fff7
AR=00000030 Z=0 N=0
-----------------------------
Tick: [138] uPC=14 CR=11000030
ACC=          4 IP=0000000a SP=0003fff7
AR=00000030 Z=0 N=0
-----------------------------
Tick: [139] uPC=00 CR=11000030
ACC=          4 IP=0000000a SP=0003fff7
AR=0000000a Z=0 N=0
-----------------------------
Tick: [140] uPC=01 CR=11000030
ACC=          4 IP=0000000b SP=0003fff7
AR=0000000a Z=0 N=0
-----------------------------
Tick: [141] uPC=02 CR=50000005
ACC=          4 IP=0000000b SP=0003fff7
AR=0000000a Z=0 N=0
-----------------------------
Tick: [142] uPC=48 CR=50000005
ACC=          4 IP=0000000b SP=0003fff7
AR=0003fff7 Z=0 N=0
-----------------------------
Tick: [143] uPC=49 CR=50000005
ACC=          4 IP=0000000b SP=0003fff6
AR=0003fff7 Z=0 N=0
-----------------------------
Tick: [144] uPC=50 CR=50000005
ACC=          4 IP=00000005 SP=0003fff6
AR=0003fff7 Z=0 N=0
-----------------------------
Tick: [145] uPC=00 CR=50000005
ACC=          4 IP=00000005 SP=0003fff6
AR=00000005 Z=0 N=0
-----------------------------
Tick: [146] uPC=01 CR=50000005
ACC=          4 IP=00000006 SP=0003fff6
AR=00000005 Z=0 N=0
-----------------------------
Tick: [147] uPC=02 CR=20000030
ACC=          4 IP=00000006 SP=0003fff6
AR=00000005 Z=0 N=0
-----------------------------
Tick: [148] uPC=24 CR=20000030
ACC=          4 IP=00000006 SP=0003fff6
AR=00000030 Z=0 N=0
-----------------------------
Tick: [149] uPC=25 CR=20000030
ACC=          4 IP=00000006 SP=0003fff6
AR=00000030 Z=0 N=0
-----------------------------
Tick: [150] uPC=26 CR=20000030
ACC=          4 IP=00000006 SP=0003fff6
AR=00000030 Z=0 N=0
-----------------------------
Tick: [151] uPC=00 CR=20000030
ACC=          4 IP=00000006 SP=0003fff6
AR=00000006 Z=0 N=0
-----------------------------
Tick: [152] uPC=01 CR=20000030
ACC=          4 IP=00000007 SP=0003fff6
AR=00000006 Z=0 N=0
-----------------------------
Tick: [153] uPC=02 CR=3100000f
ACC=          4 IP=00000007 SP=0003fff6
AR=00000006 Z=0 N=0
-----------------------------
Tick: [154] uPC=28 CR=3100000f
ACC=          4 IP=00000007 SP=0003fff6
AR=00000006 Z=0 N=0
-----------------------------
Tick: [155] uPC=29 CR=3100000f
ACC=          4 IP=00000007 SP=0003fff6
AR=00000006 Z=0 N=0
-----------------------------
Tick: [156] uPC=00 CR=3100000f
ACC=          4 IP=00000007 SP=0003fff6
AR=00000007 Z=0 N=0
-----------------------------
Tick: [157] uPC=01 CR=3100000f
ACC=          4 IP=00000008 SP=0003fff6
AR=00000007 Z=0 N=0
-----------------------------
Tick: [158] uPC=02 CR=3600000f
ACC=          4 IP=00000008 SP=0003fff6
AR=00000007 Z=0 N=0
-----------------------------
Tick: [159] uPC=40 CR=3600000f
ACC=          4 IP=00000008 SP=0003fff6
AR=00000007 Z=0 N=0
-----------------------------
Tick: [160] uPC=41 CR=3600000f
ACC=          4 IP=00000008 SP=0003fff6
AR=00000007 Z=0 N=0
-----------------------------
Tick: [161] uPC=00 CR=3600000f
ACC=          4 IP=00000008 SP=0003fff6
AR=00000008 Z=0 N=0
-----------------------------
Tick: [162] uPC=01 CR=3600000f
ACC=          4 IP=00000009 SP=0003fff6
AR=00000008 Z=0 N=0
-----------------------------
Tick: [163] uPC=02 CR=40000000
ACC=          4 IP=00000009 SP=0003fff6
AR=00000008 Z=0 N=0
-----------------------------
Tick: [164] uPC=42 CR=40000000
ACC=          4 IP=00000009 SP=0003fff6
AR=0003fff6 Z=0 N=0
-----------------------------
Tick: [165] uPC=43 CR=40000000
ACC=          4 IP=00000009 SP=0003fff5
AR=0003fff6 Z=0 N=0
-----------------------------
Tick: [166] uPC=00 CR=40000000
ACC=          4 IP=00000009 SP=0003fff5
AR=00000009 Z=0 N=0
-----------------------------
Tick: [167] uPC=01 CR=40000000
ACC=          4 IP=0000000a SP=0003fff5
AR=00000009 Z=0 N=0
-----------------------------
Tick: [168] uPC=02 CR=11000030
ACC=          4 IP=0000000a SP=0003fff5
AR=00000009 Z=0 N=0
-----------------------------
Tick: [169] uPC=12 CR=11000030
ACC=          4 IP=0000000a SP=0003fff5
AR=00000030 Z=0 N=0
-----------------------------
Tick: [170] uPC=13 CR=11000030
ACC=          4 IP=0000000a SP=0003fff5
AR=00000030 Z=0 N=0
-----------------------------
Tick: [171] uPC=14 CR=11000030
ACC=          3 IP=0000000a SP=0003fff5
AR=00000030 Z=0 N=0
-----------------------------
Tick: [172] uPC=00 CR=11000030
ACC=          3 IP=0000000a SP=0003fff5
AR=0000000a Z=0 N=0
-----------------------------
Tick: [173] uPC=01 CR=11000030
ACC=          3 IP=0000000b SP=0003fff5
AR=0000000a Z=0 N=0
-----------------------------
Tick: [174] uPC=02 CR=50000005
ACC=          3 IP=0000000b SP=0003fff5
AR=0000000a Z=0 N=0
-----------------------------
Tick: [175] uPC=48 CR=50000005
ACC=          3 IP=0000000b SP=0003fff5
AR=0003fff5 Z=0 N=0
-----------------------------
Tick: [176] uPC=49 CR=50000005
ACC=          3 IP=0000000b SP=0003fff4
AR=0003fff5 Z=0 N=0
-----------------------------
Tick: [177] uPC=50 CR=50000005
ACC=          3 IP=00000005 SP=0003fff4
AR=0003fff5 Z=0 N=0
-----------------------------
Tick: [178] uPC=00 CR=50000005
ACC=          3 IP=00000005 SP=0003fff4
AR=00000005 Z=0 N=0
-----------------------------
Tick: [179] uPC=01 CR=50000005
ACC=          3 IP=00000006 SP=0003fff4
AR=00000005 Z=0 N=0
-----------------------------
Tick: [180] uPC=02 CR=20000030
ACC=          3 IP=00000006 SP=0003fff4
AR=00000005 Z=0 N=0
-----------------------------
Tick: [181] uPC=24 CR=20000030
ACC=          3 IP=00000006 SP=0003fff4
AR=00000030 Z=0 N=0
-----------------------------
Tick: [182] uPC=25 CR=20000030
ACC=          3 IP=00000006 SP=0003fff4
AR=00000030 Z=0 N=0
-----------------------------
Tick: [183] uPC=26 CR=20000030
ACC=          3 IP=00000006 SP=0003fff4
AR=00000030 Z=0 N=0
-----------------------------
Tick: [184] uPC=00 CR=20000030
ACC=          3 IP=00000006 SP=0003fff4
AR=00000006 Z=0 N=0
-----------------------------
Tick: [185] uPC=01 CR=20000030
ACC=          3 IP=00000007 SP=0003fff4
AR=00000006 Z=0 N=0
-----------------------------
Tick: [186] uPC=02 CR=3100000f
ACC=          3 IP=00000007 SP=0003fff4
AR=00000006 Z=0 N=0
-----------------------------
Tick: [187] uPC=28 CR=3100000f
ACC=          3 IP=00000007 SP=0003fff4
AR=00000006 Z=0 N=0
-----------------------------
Tick: [188] uPC=29 CR=3100000f
ACC=          3 IP=00000007 SP=0003fff4
AR=00000006 Z=0 N=0
-----------------------------
Tick: [189] uPC=00 CR=3100000f
ACC=          3 IP=00000007 SP=0003fff4
AR=00000007 Z=0 N=0
-----------------------------
Tick: [190] uPC=01 CR=3100000f
ACC=          3 IP=00000008 SP=0003fff4
AR=00000007 Z=0 N=0
-----------------------------
Tick: [191] uPC=02 CR=3600000f
ACC=          3 IP=00000008 SP=0003fff4
AR=00000007 Z=0 N=0
-----------------------------
Tick: [192] uPC=40 CR=3600000f
ACC=          3 IP=00000008 SP=0003fff4
AR=00000007 Z=0 N=0
-----------------------------
Tick: [193] uPC=41 CR=3600000f
ACC=          3 IP=00000008 SP=0003fff4
AR=00000007 Z=0 N=0
-----------------------------
Tick: [194] uPC=00 CR=3600000f
ACC=          3 IP=00000008 SP=0003fff4
AR=00000008 Z=0 N=0
-----------------------------
Tick: [195] uPC=01 CR=3600000f
ACC=          3 IP=00000009 SP=0003fff4
AR=00000008 Z=0 N=0
-----------------------------
Tick: [196] uPC=02 CR=40000000
ACC=          3 IP=00000009 SP=0003fff4
AR=00000008 Z=0 N=0
-----------------------------
Tick: [197] uPC=42 CR=40000000
ACC=          3 IP=00000009 SP=0003fff4
AR=0003fff4 Z=0 N=0
-----------------------------
Tick: [198] uPC=43 CR=40000000
ACC=          3 IP=00000009 SP=0003fff3
AR=0003fff4 Z=0 N=0
-----------------------------
Tick: [199] uPC=00 CR=40000000
ACC=          3 IP=00000009 SP=0003fff3
AR=00000009 Z=0 N=0
-----------------------------
Tick: [200] uPC=01 CR=40000000
ACC=          3 IP=0000000a SP=0003fff3
AR=00000009 Z=0 N=0
-----------------------------
Tick: [201] uPC=02 CR=11000030
ACC=          3 IP=0000000a SP=0003fff3
AR=00000009 Z=0 N=0
-----------------------------
Tick: [202] uPC=12 CR=11000030
ACC=          3 IP=0000000a SP=0003fff3
AR=00000030 Z=0 N=0
-----------------------------
Tick: [203] uPC=13 CR=11000030
ACC=          3 IP=0000000a SP=0003fff3
AR=00000030 Z=0 N=0
-----------------------------
Tick: [204] uPC=14 CR=11000030
ACC=          2 IP=0000000a SP=0003fff3
AR=00000030 Z=0 N=0
-----------------------------
Tick: [205] uPC=00 CR=11000030
ACC=          2 IP=0000000a SP=0003fff3
AR=0000000a Z=0 N=0
-----------------------------
Tick: [206] uPC=01 CR=11000030
ACC=          2 IP=0000000b SP=0003fff3
AR=0000000a Z=0 N=0
-----------------------------
Tick: [207] uPC=02 CR=50000005
ACC=          2 IP=0000000b SP=0003fff3
AR=0000000a Z=0 N=0
-----------------------------
Tick: [208] uPC=48 CR=50000005
ACC=          2 IP=0000000b SP=0003fff3
AR=0003fff3 Z=0 N=0
-----------------------------
Tick: [209] uPC=49 CR=50000005
ACC=          2 IP=0000000b SP=0003fff2
AR=0003fff3 Z=0 N=0
-----------------------------
Tick: [210] uPC=50 CR=50000005
ACC=          2 IP=00000005 SP=0003fff2
AR=0003fff3 Z=0 N=0
-----------------------------
Tick: [211] uPC=00 CR=50000005
ACC=          2 IP=00000005 SP=0003fff2
AR=00000005 Z=0 N=0
-----------------------------
Tick: [212] uPC=01 CR=50000005
ACC=          2 IP=00000006 SP=0003fff2
AR=00000005 Z=0 N=0
-----------------------------
Tick: [213] uPC=02 CR=20000030
ACC=          2 IP=00000006 SP=0003fff2
AR=00000005 Z=0 N=0
-----------------------------
Tick: [214] uPC=24 CR=20000030
ACC=          2 IP=00000006 SP=0003fff2
AR=00000030 Z=0 N=0
-----------------------------
Tick: [215] uPC=25 CR=20000030
ACC=          2 IP=00000006 SP=0003fff2
AR=00000030 Z=0 N=0
-----------------------------
Tick: [216] uPC=26 CR=20000030
ACC=          2 IP=00000006 SP=0003fff2
AR=00000030 Z=0 N=0
-----------------------------
Tick: [217] uPC=00 CR=20000030
ACC=          2 IP=00000006 SP=0003fff2
AR=00000006 Z=0 N=0
-----------------------------
Tick: [218] uPC=01 CR=20000030
ACC=          2 IP=00000007 SP=0003fff2
AR=00000006 Z=0 N=0
-----------------------------
Tick: [219] uPC=02 CR=3100000f
ACC=          2 IP=00000007 SP=0003fff2
AR=00000006 Z=0 N=0
-----------------------------
Tick: [220] uPC=28 CR=3100000f
ACC=          2 IP=00000007 SP=0003fff2
AR=00000006 Z=0 N=0
-----------------------------
Tick: [221] uPC=29 CR=3100000f
ACC=          2 IP=00000007 SP=0003fff2
AR=00000006 Z=0 N=0
-----------------------------
Tick: [222] uPC=00 CR=3100000f
ACC=          2 IP=00000007 SP=0003fff2
AR=00000007 Z=0 N=0
-----------------------------
Tick: [223] uPC=01 CR=3100000f
ACC=          2 IP=00000008 SP=0003fff2
AR=00000007 Z=0 N=0
-----------------------------
Tick: [224] uPC=02 CR=3600000f
ACC=          2 IP=00000008 SP=0003fff2
AR=00000007 Z=0 N=0
-----------------------------
Tick: [225] uPC=40 CR=3600000f
ACC=          2 IP=00000008 SP=0003fff2
AR=00000007 Z=0 N=0
-----------------------------
Tick: [226] uPC=41 CR=3600000f
ACC=          2 IP=00000008 SP=0003fff2
AR=00000007 Z=0 N=0
-----------------------------
Tick: [227] uPC=00 CR=3600000f
ACC=          2 IP=00000008 SP=0003fff2
AR=00000008 Z=0 N=0
-----------------------------
Tick: [228] uPC=01 CR=3600000f
ACC=          2 IP=00000009 SP=0003fff2
AR=00000008 Z=0 N=0
-----------------------------
Tick: [229] uPC=02 CR=40000000
ACC=          2 IP=00000009 SP=0003fff2
AR=00000008 Z=0 N=0
-----------------------------
Tick: [230] uPC=42 CR=40000000
ACC=          2 IP=00000009 SP=0003fff2
AR=0003fff2 Z=0 N=0
-----------------------------
Tick: [231] uPC=43 CR=40000000
ACC=          2 IP=00000009 SP=0003fff1
AR=0003fff2 Z=0 N=0
-----------------------------
Tick: [232] uPC=00 CR=40000000
ACC=          2 IP=00000009 SP=0003fff1
AR=00000009 Z=0 N=0
-----------------------------
Tick: [233] uPC=01 CR=40000000
ACC=          2 IP=0000000a SP=0003fff1
AR=00000009 Z=0 N=0
-----------------------------
Tick: [234] uPC=02 CR=11000030
ACC=          2 IP=0000000a SP=0003fff1
AR=00000009 Z=0 N=0
-----------------------------
Tick: [235] uPC=12 CR=11000030
ACC=          2 IP=0000000a SP=0003fff1
AR=00000030 Z=0 N=0
-----------------------------
Tick: [236] uPC=13 CR=11000030
ACC=          2 IP=0000000a SP=0003fff1
AR=00000030 Z=0 N=0
-----------------------------
Tick: [237] uPC=14 CR=11000030
ACC=          1 IP=0000000a SP=0003fff1
AR=00000030 Z=0 N=0
-----------------------------
Tick: [238] uPC=00 CR=11000030
ACC=          1 IP=0000000a SP=0003fff1
AR=0000000a Z=0 N=0
-----------------------------
Tick: [239] uPC=01 CR=11000030
ACC=          1 IP=0000000b SP=0003fff1
AR=0000000a Z=0 N=0
-----------------------------
Tick: [240] uPC=02 CR=50000005
ACC=          1 IP=0000000b SP=0003fff1
AR=0000000a Z=0 N=0
-----------------------------
Tick: [241] uPC=48 CR=50000005
ACC=          1 IP=0000000b SP=0003fff1
AR=0003fff1 Z=0 N=0
-----------------------------
Tick: [242] uPC=49 CR=50000005
ACC=          1 IP=0000000b SP=0003fff0
AR=0003fff1 Z=0 N=0
-----------------------------
Tick: [243] uPC=50 CR=50000005
ACC=          1 IP=00000005 SP=0003fff0
AR=0003fff1 Z=0 N=0
-----------------------------
Tick: [244] uPC=00 CR=50000005
ACC=          1 IP=00000005 SP=0003fff0
AR=00000005 Z=0 N=0
-----------------------------
Tick: [245] uPC=01 CR=50000005
ACC=          1 IP=00000006 SP=0003fff0
AR=00000005 Z=0 N=0
-----------------------------
Tick: [246] uPC=02 CR=20000030
ACC=          1 IP=00000006 SP=0003fff0
AR=00000005 Z=0 N=0
-----------------------------
Tick: [247] uPC=24 CR=20000030
ACC=          1 IP=00000006 SP=0003fff0
AR=00000030 Z=0 N=0
-----------------------------
Tick: [248] uPC=25 CR=20000030
ACC=          1 IP=00000006 SP=0003fff0
AR=00000030 Z=0 N=0
-----------------------------
Tick: [249] uPC=26 CR=20000030
ACC=          1 IP=00000006 SP=0003fff0
AR=00000030 Z=1 N=0
-----------------------------
Tick: [250] uPC=00 CR=20000030
ACC=          1 IP=00000006 SP=0003fff0
AR=00000006 Z=1 N=0
-----------------------------
Tick: [251] uPC=01 CR=20000030
ACC=          1 IP=00000007 SP=0003fff0
AR=00000006 Z=1 N=0
-----------------------------
Tick: [252] uPC=02 CR=3100000f
ACC=          1 IP=00000007 SP=0003fff0
AR=00000006 Z=1 N=0
-----------------------------
Tick: [253] uPC=28 CR=3100000f
ACC=          1 IP=00000007 SP=0003fff0
AR=00000006 Z=1 N=0
-----------------------------
Tick: [254] uPC=27 CR=3100000f
ACC=          1 IP=0000000f SP=0003fff0
AR=00000006 Z=1 N=0
-----------------------------
Tick: [255] uPC=00 CR=3100000f
ACC=          1 IP=0000000f SP=0003fff0
AR=0000000f Z=1 N=0
-----------------------------
Tick: [256] uPC=01 CR=3100000f
ACC=          1 IP=00000010 SP=0003fff0
AR=0000000f Z=1 N=0
-----------------------------
Tick: [257] uPC=02 CR=02000001
ACC=          1 IP=00000010 SP=0003fff0
AR=0000000f Z=1 N=0
-----------------------------
Tick: [258] uPC=06 CR=02000001
ACC=          1 IP=00000010 SP=0003fff0
AR=0000000f Z=1 N=0
-----------------------------
Tick: [259] uPC=00 CR=02000001
ACC=          1 IP=00000010 SP=0003fff0
AR=00000010 Z=1 N=0
-----------------------------
Tick: [260] uPC=01 CR=02000001
ACC=          1 IP=00000011 SP=0003fff0
AR=00000010 Z=1 N=0
-----------------------------
Tick: [261] uPC=02 CR=51000000
ACC=          1 IP=00000011 SP=0003fff0
AR=00000010 Z=1 N=0
-----------------------------
Tick: [262] uPC=51 CR=51000000
ACC=          1 IP=00000011 SP=0003fff1
AR=00000010 Z=1 N=0
-----------------------------
Tick: [263] uPC=52 CR=51000000
ACC=          1 IP=00000011 SP=0003fff1
AR=0003fff1 Z=1 N=0
-----------------------------
Tick: [264] uPC=53 CR=51000000
ACC=          1 IP=00000011 SP=0003fff1
AR=0003fff1 Z=1 N=0
-----------------------------
Tick: [265] uPC=54 CR=51000000
ACC=          1 IP=0000000b SP=0003fff1
AR=0003fff1 Z=1 N=0
-----------------------------
Tick: [266] uPC=00 CR=51000000
ACC=          1 IP=0000000b SP=0003fff1
AR=0000000b Z=1 N=0
-----------------------------
Tick: [267] uPC=01 CR=51000000
ACC=          1 IP=0000000c SP=0003fff1
AR=0000000b Z=1 N=0
-----------------------------
Tick: [268] uPC=02 CR=03000031
ACC=          1 IP=0000000c SP=0003fff1
AR=0000000b Z=1 N=0
-----------------------------
Tick: [269] uPC=07 CR=03000031
ACC=          1 IP=0000000c SP=0003fff1
AR=00000031 Z=1 N=0
-----------------------------
Tick: [270] uPC=08 CR=03000031
ACC=          1 IP=0000000c SP=0003fff1
AR=00000031 Z=1 N=0
-----------------------------
Tick: [271] uPC=00 CR=03000031
ACC=          1 IP=0000000c SP=0003fff1
AR=0000000c Z=1 N=0
-----------------------------
Tick: [272] uPC=01 CR=03000031
ACC=          1 IP=0000000d SP=0003fff1
AR=0000000c Z=1 N=0
-----------------------------
Tick: [273] uPC=02 CR=41000000
ACC=          1 IP=0000000d SP=0003fff1
AR=0000000c Z=1 N=0
-----------------------------
Tick: [274] uPC=44 CR=41000000
ACC=          1 IP=0000000d SP=0003fff2
AR=0000000c Z=1 N=0
-----------------------------
Tick: [275] uPC=45 CR=41000000
ACC=          1 IP=0000000d SP=0003fff2
AR=0003fff2 Z=1 N=0
-----------------------------
Tick: [276] uPC=46 CR=41000000
ACC=          1 IP=0000000d SP=0003fff2
AR=0003fff2 Z=1 N=0
-----------------------------
Tick: [277] uPC=47 CR=41000000
ACC=          2 IP=0000000d SP=0003fff2
AR=0003fff2 Z=1 N=0
-----------------------------
Tick: [278] uPC=00 CR=41000000
ACC=          2 IP=0000000d SP=0003fff2
AR=0000000d Z=1 N=0
-----------------------------
Tick: [279] uPC=01 CR=41000000
ACC=          2 IP=0000000e SP=0003fff2
AR=0000000d Z=1 N=0
-----------------------------
Tick: [280] uPC=02 CR=12000031
ACC=          2 IP=0000000e SP=0003fff2
AR=0000000d Z=1 N=0
-----------------------------
Tick: [281] uPC=15 CR=12000031
ACC=          2 IP=0000000e SP=0003fff2
AR=00000031 Z=1 N=0
-----------------------------
Tick: [282] uPC=16 CR=12000031
ACC=          2 IP=0000000e SP=0003fff2
AR=00000031 Z=1 N=0
-----------------------------
Tick: [283] uPC=17 CR=12000031
ACC=          2 IP=0000000e SP=0003fff2
AR=00000031 Z=0 N=0
-----------------------------
Tick: [284] uPC=00 CR=12000031
ACC=          2 IP=0000000e SP=0003fff2
AR=0000000e Z=0 N=0
-----------------------------
Tick: [285] uPC=01 CR=12000031
ACC=          2 IP=0000000f SP=0003fff2
AR=0000000e Z=0 N=0
-----------------------------
Tick: [286] uPC=02 CR=51000000
ACC=          2 IP=0000000f SP=0003fff2
AR=0000000e Z=0 N=0
-----------------------------
Tick: [287] uPC=51 CR=51000000
ACC=          2 IP=0000000f SP=0003fff3
AR=0000000e Z=0 N=0
-----------------------------
Tick: [288] uPC=52 CR=51000000
ACC=          2 IP=0000000f SP=0003fff3
AR=0003fff3 Z=0 N=0
-----------------------------
Tick: [289] uPC=53 CR=51000000
ACC=          2 IP=0000000f SP=0003fff3
AR=0003fff3 Z=0 N=0
-----------------------------
Tick: [290] uPC=54 CR=51000000
ACC=          2 IP=0000000b SP=0003fff3
AR=0003fff3 Z=0 N=0
-----------------------------
Tick: [291] uPC=00 CR=51000000
ACC=          2 IP=0000000b SP=0003fff3
AR=0000000b Z=0 N=0
-----------------------------
Tick: [292] uPC=01 CR=51000000
ACC=          2 IP=0000000c SP=0003fff3
AR=0000000b Z=0 N=0
-----------------------------
Tick: [293] uPC=02 CR=03000031
ACC=          2 IP=0000000c SP=0003fff3
AR=0000000b Z=0 N=0
-----------------------------
Tick: [294] uPC=07 CR=03000031
ACC=          2 IP=0000000c SP=0003fff3
AR=00000031 Z=0 N=0
-----------------------------
Tick: [295] uPC=08 CR=03000031
ACC=          2 IP=0000000c SP=0003fff3
AR=00000031 Z=0 N=0
-----------------------------
Tick: [296] uPC=00 CR=03000031
ACC=          2 IP=0000000c SP=0003fff3
AR=0000000c Z=0 N=0
-----------------------------
Tick: [297] uPC=01 CR=03000031
ACC=          2 IP=0000000d SP=0003fff3
AR=0000000c Z=0 N=0
-----------------------------
Tick: [298] uPC=02 CR=41000000
ACC=          2 IP=0000000d SP=0003fff3
AR=0000000c Z=0 N=0
-----------------------------
Tick: [299] uPC=44 CR=41000000
ACC=          2 IP=0000000d SP=0003fff4
AR=0000000c Z=0 N=0
-----------------------------
Tick: [300] uPC=45 CR=41000000
ACC=          2 IP=0000000d SP=0003fff4
AR=0003fff4 Z=0 N=0
-----------------------------
Tick: [301] uPC=46 CR=41000000
ACC=          2 IP=0000000d SP=0003fff4
AR=0003fff4 Z=0 N=0
-----------------------------
Tick: [302] uPC=47 CR=41000000
ACC=          3 IP=0000000d SP=0003fff4
AR=0003fff4 Z=0 N=0
-----------------------------
Tick: [303] uPC=00 CR=41000000
ACC=          3 IP=0000000d SP=0003fff4
AR=0000000d Z=0 N=0
-----------------------------
Tick: [304] uPC=01 CR=41000000
ACC=          3 IP=0000000e SP=0003fff4
AR=0000000d Z=0 N=0
-----------------------------
Tick: [305] uPC=02 CR=12000031
ACC=          3 IP=0000000e SP=0003fff4
AR=0000000d Z=0 N=0
-----------------------------
Tick: [306] uPC=15 CR=12000031
ACC=          3 IP=0000000e SP=0003fff4
AR=00000031 Z=0 N=0
-----------------------------
Tick: [307] uPC=16 CR=12000031
ACC=          3 IP=0000000e SP=0003fff4
AR=00000031 Z=0 N=0
-----------------------------
Tick: [308] uPC=17 CR=12000031
ACC=          6 IP=0000000e SP=0003fff4
AR=00000031 Z=0 N=0
-----------------------------
Tick: [309] uPC=00 CR=12000031
ACC=          6 IP=0000000e SP=0003fff4
AR=0000000e Z=0 N=0
-----------------------------
Tick: [310] uPC=01 CR=12000031
ACC=          6 IP=0000000f SP=0003fff4
AR=0000000e Z=0 N=0
-----------------------------
Tick: [311] uPC=02 CR=51000000
ACC=          6 IP=0000000f SP=0003fff4
AR=0000000e Z=0 N=0
-----------------------------
Tick: [312] uPC=51 CR=51000000
ACC=          6 IP=0000000f SP=0003fff5
AR=0000000e Z=0 N=0
-----------------------------
Tick: [313] uPC=52 CR=51000000
ACC=          6 IP=0000000f SP=0003fff5
AR=0003fff5 Z=0 N=0
-----------------------------
Tick: [314] uPC=53 CR=51000000
ACC=          6 IP=0000000f SP=0003fff5
AR=0003fff5 Z=0 N=0
-----------------------------
Tick: [315] uPC=54 CR=51000000
ACC=          6 IP=0000000b SP=0003fff5
AR=0003fff5 Z=0 N=0
-----------------------------
Tick: [316] uPC=00 CR=51000000
ACC=          6 IP=0000000b SP=0003fff5
AR=0000000b Z=0 N=0
-----------------------------
Tick: [317] uPC=01 CR=51000000
ACC=          6 IP=0000000c SP=0003fff5
AR=0000000b Z=0 N=0
-----------------------------
Tick: [318] uPC=02 CR=03000031
ACC=          6 IP=0000000c SP=0003fff5
AR=0000000b Z=0 N=0
-----------------------------
Tick: [319] uPC=07 CR=03000031
ACC=          6 IP=0000000c SP=0003fff5
AR=00000031 Z=0 N=0
-----------------------------
Tick: [320] uPC=08 CR=03000031
ACC=          6 IP=0000000c SP=0003fff5
AR=00000031 Z=0 N=0
-----------------------------
Tick: [321] uPC=00 CR=03000031
ACC=          6 IP=0000000c SP=0003fff5
AR=0000000c Z=0 N=0
-----------------------------
Tick: [322] uPC=01 CR=03000031
ACC=          6 IP=0000000d SP=0003fff5
AR=0000000c Z=0 N=0
-----------------------------
Tick: [323] uPC=02 CR=41000000
ACC=          6 IP=0000000d SP=0003fff5
AR=0000000c Z=0 N=0
-----------------------------
Tick: [324] uPC=44 CR=41000000
ACC=          6 IP=0000000d SP=0003fff6
AR=0000000c Z=0 N=0
-----------------------------
Tick: [325] uPC=45 CR=41000000
ACC=          6 IP=0000000d SP=0003fff6
AR=0003fff6 Z=0 N=0
-----------------------------
Tick: [326] uPC=46 CR=41000000
ACC=          6 IP=0000000d SP=0003fff6
AR=0003fff6 Z=0 N=0
-----------------------------
Tick: [327] uPC=47 CR=41000000
ACC=          4 IP=0000000d SP=0003fff6
AR=0003fff6 Z=0 N=0
-----------------------------
Tick: [328] uPC=00 CR=41000000
ACC=          4 IP=0000000d SP=0003fff6
AR=0000000d Z=0 N=0
-----------------------------
Tick: [329] uPC=01 CR=41000000
ACC=          4 IP=0000000e SP=0003fff6
AR=0000000d Z=0 N=0
-----------------------------
Tick: [330] uPC=02 CR=12000031
ACC=          4 IP=0000000e SP=0003fff6
AR=0000000d Z=0 N=0
-----------------------------
Tick: [331] uPC=15 CR=12000031
ACC=          4 IP=0000000e SP=0003fff6
AR=00000031 Z=0 N=0
-----------------------------
Tick: [332] uPC=16 CR=12000031
ACC=          4 IP=0000000e SP=0003fff6
AR=00000031 Z=0 N=0
-----------------------------
Tick: [333] uPC=17 CR=12000031
ACC=         24 IP=0000000e SP=0003fff6
AR=00000031 Z=0 N=0
-----------------------------
Tick: [334] uPC=00 CR=12000031
ACC=         24 IP=0000000e SP=0003fff6
AR=0000000e Z=0 N=0
-----------------------------
Tick: [335] uPC=01 CR=12000031
ACC=         24 IP=0000000f SP=0003fff6
AR=0000000e Z=0 N=0
-----------------------------
Tick: [336] uPC=02 CR=51000000
ACC=         24 IP=0000000f SP=0003fff6
AR=0000000e Z=0 N=0
-----------------------------
Tick: [337] uPC=51 CR=51000000
ACC=         24 IP=0000000f SP=0003fff7
AR=0000000e Z=0 N=0
-----------------------------
Tick: [338] uPC=52 CR=51000000
ACC=         24 IP=0000000f SP=0003fff7
AR=0003fff7 Z=0 N=0
-----------------------------
Tick: [339] uPC=53 CR=51000000
ACC=         24 IP=0000000f SP=0003fff7
AR=0003fff7 Z=0 N=0
-----------------------------
Tick: [340] uPC=54 CR=51000000
ACC=         24 IP=0000000b SP=0003fff7
AR=0003fff7 Z=0 N=0
-----------------------------
Tick: [341] uPC=00 CR=51000000
ACC=         24 IP=0000000b SP=0003fff7
AR=0000000b Z=0 N=0
-----------------------------
Tick: [342] uPC=01 CR=51000000
ACC=         24 IP=0000000c SP=0003fff7
AR=0000000b Z=0 N=0
-----------------------------
Tick: [343] uPC=02 CR=03000031
ACC=         24 IP=0000000c SP=0003fff7
AR=0000000b Z=0 N=0
-----------------------------
Tick: [344] uPC=07 CR=03000031
ACC=         24 IP=0000000c SP=0003fff7
AR=00000031 Z=0 N=0
-----------------------------
Tick: [345] uPC=08 CR=03000031
ACC=         24 IP=0000000c SP=0003fff7
AR=00000031 Z=0 N=0
-----------------------------
Tick: [346] uPC=00 CR=03000031
ACC=         24 IP=0000000c SP=0003fff7
AR=0000000c Z=0 N=0
-----------------------------
Tick: [347] uPC=01 CR=03000031
ACC=         24 IP=0000000d SP=0003fff7
AR=0000000c Z=0 N=0
-----------------------------
Tick: [348] uPC=02 CR=41000000
ACC=         24 IP=0000000d SP=0003fff7
AR=0000000c Z=0 N=0
-----------------------------
Tick: [349] uPC=44 CR=41000000
ACC=         24 IP=0000000d SP=0003fff8
AR=0000000c Z=0 N=0
-----------------------------
Tick: [350] uPC=45 CR=41000000
ACC=         24 IP=0000000d SP=0003fff8
AR=0003fff8 Z=0 N=0
-----------------------------
Tick: [351] uPC=46 CR=41000000
ACC=         24 IP=0000000d SP=0003fff8
AR=0003fff8 Z=0 N=0
-----------------------------
Tick: [352] uPC=47 CR=41000000
ACC=          5 IP=0000000d SP=0003fff8
AR=0003fff8 Z=0 N=0
-----------------------------
Tick: [353] uPC=00 CR=41000000
ACC=          5 IP=0000000d SP=0003fff8
AR=0000000d Z=0 N=0
-----------------------------
Tick: [354] uPC=01 CR=41000000
ACC=          5 IP=0000000e SP=0003fff8
AR=0000000d Z=0 N=0
-----------------------------
Tick: [355] uPC=02 CR=12000031
ACC=          5 IP=0000000e SP=0003fff8
AR=0000000d Z=0 N=0
-----------------------------
Tick: [356] uPC=15 CR=12000031
ACC=          5 IP=0000000e SP=0003fff8
AR=00000031 Z=0 N=0
-----------------------------
Tick: [357] uPC=16 CR=12000031
ACC=          5 IP=0000000e SP=0003fff8
AR=00000031 Z=0 N=0
-----------------------------
Tick: [358] uPC=17 CR=12000031
ACC=        120 IP=0000000e SP=0003fff8
AR=00000031 Z=0 N=0
-----------------------------
Tick: [359] uPC=00 CR=12000031
ACC=        120 IP=0000000e SP=0003fff8
AR=0000000e Z=0 N=0
-----------------------------
Tick: [360] uPC=01 CR=12000031
ACC=        120 IP=0000000f SP=0003fff8
AR=0000000e Z=0 N=0
-----------------------------
Tick: [361] uPC=02 CR=51000000
ACC=        120 IP=0000000f SP=0003fff8
AR=0000000e Z=0 N=0
-----------------------------
Tick: [362] uPC=51 CR=51000000
ACC=        120 IP=0000000f SP=0003fff9
AR=0000000e Z=0 N=0
-----------------------------
Tick: [363] uPC=52 CR=51000000
ACC=        120 IP=0000000f SP=0003fff9
AR=0003fff9 Z=0 N=0
-----------------------------
Tick: [364] uPC=53 CR=51000000
ACC=        120 IP=0000000f SP=0003fff9
AR=0003fff9 Z=0 N=0
-----------------------------
Tick: [365] uPC=54 CR=51000000
ACC=        120 IP=0000000b SP=0003fff9
AR=0003fff9 Z=0 N=0
-----------------------------
Tick: [366] uPC=00 CR=51000000
ACC=        120 IP=0000000b SP=0003fff9
AR=0000000b Z=0 N=0
-----------------------------
Tick: [367] uPC=01 CR=51000000
ACC=        120 IP=0000000c SP=0003fff9
AR=0000000b Z=0 N=0
-----------------------------
Tick: [368] uPC=02 CR=03000031
ACC=        120 IP=0000000c SP=0003fff9
AR=0000000b Z=0 N=0
-----------------------------
Tick: [369] uPC=07 CR=03000031
ACC=        120 IP=0000000c SP=0003fff9
AR=00000031 Z=0 N=0
-----------------------------
Tick: [370] uPC=08 CR=03000031
ACC=        120 IP=0000000c SP=0003fff9
AR=00000031 Z=0 N=0
-----------------------------
Tick: [371] uPC=00 CR=03000031
ACC=        120 IP=0000000c SP=0003fff9
AR=0000000c Z=0 N=0
-----------------------------
Tick: [372] uPC=01 CR=03000031
ACC=        120 IP=0000000d SP=0003fff9
AR=0000000c Z=0 N=0
-----------------------------
Tick: [373] uPC=02 CR=41000000
ACC=        120 IP=0000000d SP=0003fff9
AR=0000000c Z=0 N=0
-----------------------------
Tick: [374] uPC=44 CR=41000000
ACC=        120 IP=0000000d SP=0003fffa
AR=0000000c Z=0 N=0
-----------------------------
Tick: [375] uPC=45 CR=41000000
ACC=        120 IP=0000000d SP=0003fffa
AR=0003fffa Z=0 N=0
-----------------------------
Tick: [376] uPC=46 CR=41000000
ACC=        120 IP=0000000d SP=0003fffa
AR=0003fffa Z=0 N=0
-----------------------------
Tick: [377] uPC=47 CR=41000000
ACC=          6 IP=0000000d SP=0003fffa
AR=0003fffa Z=0 N=0
-----------------------------
Tick: [378] uPC=00 CR=41000000
ACC=          6 IP=0000000d SP=0003fffa
AR=0000000d Z=0 N=0
-----------------------------
Tick: [379] uPC=01 CR=41000000
ACC=          6 IP=0000000e SP=0003fffa
AR=0000000d Z=0 N=0
-----------------------------
Tick: [380] uPC=02 CR=12000031
ACC=          6 IP=0000000e SP=0003fffa
AR=0000000d Z=0 N=0
-----------------------------
Tick: [381] uPC=15 CR=12000031
ACC=          6 IP=0000000e SP=0003fffa
AR=00000031 Z=0 N=0
-----------------------------
Tick: [382] uPC=16 CR=12000031
ACC=          6 IP=0000000e SP=0003fffa
AR=00000031 Z=0 N=0
-----------------------------
Tick: [383] uPC=17 CR=12000031
ACC=        720 IP=0000000e SP=0003fffa
AR=00000031 Z=0 N=0
-----------------------------
Tick: [384] uPC=00 CR=12000031
ACC=        720 IP=0000000e SP=0003fffa
AR=0000000e Z=0 N=0
-----------------------------
Tick: [385] uPC=01 CR=12000031
ACC=        720 IP=0000000f SP=0003fffa
AR=0000000e Z=0 N=0
-----------------------------
Tick: [386] uPC=02 CR=51000000
ACC=        720 IP=0000000f SP=0003fffa
AR=0000000e Z=0 N=0
-----------------------------
Tick: [387] uPC=51 CR=51000000
ACC=        720 IP=0000000f SP=0003fffb
AR=0000000e Z=0 N=0
-----------------------------
Tick: [388] uPC=52 CR=51000000
ACC=        720 IP=0000000f SP=0003fffb
AR=0003fffb Z=0 N=0
-----------------------------
Tick: [389] uPC=53 CR=51000000
ACC=        720 IP=0000000f SP=0003fffb
AR=0003fffb Z=0 N=0
-----------------------------
Tick: [390] uPC=54 CR=51000000
ACC=        720 IP=0000000b SP=0003fffb
AR=0003fffb Z=0 N=0
-----------------------------
Tick: [391] uPC=00 CR=51000000
ACC=        720 IP=0000000b SP=0003fffb
AR=0000000b Z=0 N=0
-----------------------------
Tick: [392] uPC=01 CR=51000000
ACC=        720 IP=0000000c SP=0003fffb
AR=0000000b Z=0 N=0
-----------------------------
Tick: [393] uPC=02 CR=03000031
ACC=        720 IP=0000000c SP=0003fffb
AR=0000000b Z=0 N=0
-----------------------------
Tick: [394] uPC=07 CR=03000031
ACC=        720 IP=0000000c SP=0003fffb
AR=00000031 Z=0 N=0
-----------------------------
Tick: [395] uPC=08 CR=03000031
ACC=        720 IP=0000000c SP=0003fffb
AR=00000031 Z=0 N=0
-----------------------------
Tick: [396] uPC=00 CR=03000031
ACC=        720 IP=0000000c SP=0003fffb
AR=0000000c Z=0 N=0
-----------------------------
Tick: [397] uPC=01 CR=03000031
ACC=        720 IP=0000000d SP=0003fffb
AR=0000000c Z=0 N=0
-----------------------------
Tick: [398] uPC=02 CR=41000000
ACC=        720 IP=0000000d SP=0003fffb
AR=0000000c Z=0 N=0
-----------------------------
Tick: [399] uPC=44 CR=41000000
ACC=        720 IP=0000000d SP=0003fffc
AR=0000000c Z=0 N=0
-----------------------------
Tick: [400] uPC=45 CR=41000000
ACC=        720 IP=0000000d SP=0003fffc
AR=0003fffc Z=0 N=0
-----------------------------
Tick: [401] uPC=46 CR=41000000
ACC=        720 IP=0000000d SP=0003fffc
AR=0003fffc Z=0 N=0
-----------------------------
Tick: [402] uPC=47 CR=41000000
ACC=          7 IP=0000000d SP=0003fffc
AR=0003fffc Z=0 N=0
-----------------------------
Tick: [403] uPC=00 CR=41000000
ACC=          7 IP=0000000d SP=0003fffc
AR=0000000d Z=0 N=0
-----------------------------
Tick: [404] uPC=01 CR=41000000
ACC=          7 IP=0000000e SP=0003fffc
AR=0000000d Z=0 N=0
-----------------------------
Tick: [405] uPC=02 CR=12000031
ACC=          7 IP=0000000e SP=0003fffc
AR=0000000d Z=0 N=0
-----------------------------
Tick: [406] uPC=15 CR=12000031
ACC=          7 IP=0000000e SP=0003fffc
AR=00000031 Z=0 N=0
-----------------------------
Tick: [407] uPC=16 CR=12000031
ACC=          7 IP=0000000e SP=0003fffc
AR=00000031 Z=0 N=0
-----------------------------
Tick: [408] uPC=17 CR=12000031
ACC=       5040 IP=0000000e SP=0003fffc
AR=00000031 Z=0 N=0
-----------------------------
Tick: [409] uPC=00 CR=12000031
ACC=       5040 IP=0000000e SP=0003fffc
AR=0000000e Z=0 N=0
-----------------------------
Tick: [410] uPC=01 CR=12000031
ACC=       5040 IP=0000000f SP=0003fffc
AR=0000000e Z=0 N=0
-----------------------------
Tick: [411] uPC=02 CR=51000000
ACC=       5040 IP=0000000f SP=0003fffc
AR=0000000e Z=0 N=0
-----------------------------
Tick: [412] uPC=51 CR=51000000
ACC=       5040 IP=0000000f SP=0003fffd
AR=0000000e Z=0 N=0
-----------------------------
Tick: [413] uPC=52 CR=51000000
ACC=       5040 IP=0000000f SP=0003fffd
AR=0003fffd Z=0 N=0
-----------------------------
Tick: [414] uPC=53 CR=51000000
ACC=       5040 IP=0000000f SP=0003fffd
AR=0003fffd Z=0 N=0
-----------------------------
Tick: [415] uPC=54 CR=51000000
ACC=       5040 IP=0000000b SP=0003fffd
AR=0003fffd Z=0 N=0
-----------------------------
Tick: [416] uPC=00 CR=51000000
ACC=       5040 IP=0000000b SP=0003fffd
AR=0000000b Z=0 N=0
-----------------------------
Tick: [417] uPC=01 CR=51000000
ACC=       5040 IP=0000000c SP=0003fffd
AR=0000000b Z=0 N=0
-----------------------------
Tick: [418] uPC=02 CR=03000031
ACC=       5040 IP=0000000c SP=0003fffd
AR=0000000b Z=0 N=0
-----------------------------
Tick: [419] uPC=07 CR=03000031
ACC=       5040 IP=0000000c SP=0003fffd
AR=00000031 Z=0 N=0
-----------------------------
Tick: [420] uPC=08 CR=03000031
ACC=       5040 IP=0000000c SP=0003fffd
AR=00000031 Z=0 N=0
-----------------------------
Tick: [421] uPC=00 CR=03000031
ACC=       5040 IP=0000000c SP=0003fffd
AR=0000000c Z=0 N=0
-----------------------------
Tick: [422] uPC=01 CR=03000031
ACC=       5040 IP=0000000d SP=0003fffd
AR=0000000c Z=0 N=0
-----------------------------
Tick: [423] uPC=02 CR=41000000
ACC=       5040 IP=0000000d SP=0003fffd
AR=0000000c Z=0 N=0
-----------------------------
Tick: [424] uPC=44 CR=41000000
ACC=       5040 IP=0000000d SP=0003fffe
AR=0000000c Z=0 N=0
-----------------------------
Tick: [425] uPC=45 CR=41000000
ACC=       5040 IP=0000000d SP=0003fffe
AR=0003fffe Z=0 N=0
-----------------------------
Tick: [426] uPC=46 CR=41000000
ACC=       5040 IP=0000000d SP=0003fffe
AR=0003fffe Z=0 N=0
-----------------------------
Tick: [427] uPC=47 CR=41000000
ACC=          8 IP=0000000d SP=0003fffe
AR=0003fffe Z=0 N=0
-----------------------------
Tick: [428] uPC=00 CR=41000000
ACC=          8 IP=0000000d SP=0003fffe
AR=0000000d Z=0 N=0
-----------------------------
Tick: [429] uPC=01 CR=41000000
ACC=          8 IP=0000000e SP=0003fffe
AR=0000000d Z=0 N=0
-----------------------------
Tick: [430] uPC=02 CR=12000031
ACC=          8 IP=0000000e SP=0003fffe
AR=0000000d Z=0 N=0
-----------------------------
Tick: [431] uPC=15 CR=12000031
ACC=          8 IP=0000000e SP=0003fffe
AR=00000031 Z=0 N=0
-----------------------------
Tick: [432] uPC=16 CR=12000031
ACC=          8 IP=0000000e SP=0003fffe
AR=00000031 Z=0 N=0
-----------------------------
Tick: [433] uPC=17 CR=12000031
ACC=      40320 IP=0000000e SP=0003fffe
AR=00000031 Z=0 N=0
-----------------------------
Tick: [434] uPC=00 CR=12000031
ACC=      40320 IP=0000000e SP=0003fffe
AR=0000000e Z=0 N=0
-----------------------------
Tick: [435] uPC=01 CR=12000031
ACC=      40320 IP=0000000f SP=0003fffe
AR=0000000e Z=0 N=0
-----------------------------
Tick: [436] uPC=02 CR=51000000
ACC=      40320 IP=0000000f SP=0003fffe
AR=0000000e Z=0 N=0
-----------------------------
Tick: [437] uPC=51 CR=51000000
ACC=      40320 IP=0000000f SP=0003ffff
AR=0000000e Z=0 N=0
-----------------------------
Tick: [438] uPC=52 CR=51000000
ACC=      40320 IP=0000000f SP=0003ffff
AR=0003ffff Z=0 N=0
-----------------------------
Tick: [439] uPC=53 CR=51000000
ACC=      40320 IP=0000000f SP=0003ffff
AR=0003ffff Z=0 N=0
-----------------------------
Tick: [440] uPC=54 CR=51000000
ACC=      40320 IP=00000002 SP=0003ffff
AR=0003ffff Z=0 N=0
-----------------------------
Tick: [441] uPC=00 CR=51000000
ACC=      40320 IP=00000002 SP=0003ffff
AR=00000002 Z=0 N=0
-----------------------------
Tick: [442] uPC=01 CR=51000000
ACC=      40320 IP=00000003 SP=0003ffff
AR=00000002 Z=0 N=0
-----------------------------
Tick: [443] uPC=02 CR=03000033
ACC=      40320 IP=00000003 SP=0003ffff
AR=00000002 Z=0 N=0
-----------------------------
Tick: [444] uPC=07 CR=03000033
ACC=      40320 IP=00000003 SP=0003ffff
AR=00000033 Z=0 N=0
-----------------------------
Tick: [445] uPC=08 CR=03000033
ACC=      40320 IP=00000003 SP=0003ffff
AR=00000033 Z=0 N=0
-----------------------------
